Archive member included to satisfy reference by file (symbol)

/Applications/STM32CubeIDE.app/Contents/Eclipse/plugins/com.st.stm32cube.ide.mcu.externaltools.gnu-tools-for-stm32.12.3.rel1.macos64_1.1.0.202410301201/tools/bin/../lib/gcc/arm-none-eabi/12.3.1/../../../../arm-none-eabi/lib/thumb/v7e-m+fp/hard/libc_nano.a(libc_a-exit.o)
                              /Applications/STM32CubeIDE.app/Contents/Eclipse/plugins/com.st.stm32cube.ide.mcu.externaltools.gnu-tools-for-stm32.12.3.rel1.macos64_1.1.0.202410301201/tools/bin/../lib/gcc/arm-none-eabi/12.3.1/../../../../arm-none-eabi/lib/thumb/v7e-m+fp/hard/crt0.o (exit)
/Applications/STM32CubeIDE.app/Contents/Eclipse/plugins/com.st.stm32cube.ide.mcu.externaltools.gnu-tools-for-stm32.12.3.rel1.macos64_1.1.0.202410301201/tools/bin/../lib/gcc/arm-none-eabi/12.3.1/../../../../arm-none-eabi/lib/thumb/v7e-m+fp/hard/libc_nano.a(libc_a-nano-vfprintf_float.o)
                              (_printf_float)
/Applications/STM32CubeIDE.app/Contents/Eclipse/plugins/com.st.stm32cube.ide.mcu.externaltools.gnu-tools-for-stm32.12.3.rel1.macos64_1.1.0.202410301201/tools/bin/../lib/gcc/arm-none-eabi/12.3.1/../../../../arm-none-eabi/lib/thumb/v7e-m+fp/hard/libc_nano.a(libc_a-nano-vfprintf_i.o)
                              /Applications/STM32CubeIDE.app/Contents/Eclipse/plugins/com.st.stm32cube.ide.mcu.externaltools.gnu-tools-for-stm32.12.3.rel1.macos64_1.1.0.202410301201/tools/bin/../lib/gcc/arm-none-eabi/12.3.1/../../../../arm-none-eabi/lib/thumb/v7e-m+fp/hard/libc_nano.a(libc_a-nano-vfprintf_float.o) (_printf_common)
/Applications/STM32CubeIDE.app/Contents/Eclipse/plugins/com.st.stm32cube.ide.mcu.externaltools.gnu-tools-for-stm32.12.3.rel1.macos64_1.1.0.202410301201/tools/bin/../lib/gcc/arm-none-eabi/12.3.1/../../../../arm-none-eabi/lib/thumb/v7e-m+fp/hard/libc_nano.a(libc_a-sprintf.o)
                              ./Core/Src/main.o (sprintf)
/Applications/STM32CubeIDE.app/Contents/Eclipse/plugins/com.st.stm32cube.ide.mcu.externaltools.gnu-tools-for-stm32.12.3.rel1.macos64_1.1.0.202410301201/tools/bin/../lib/gcc/arm-none-eabi/12.3.1/../../../../arm-none-eabi/lib/thumb/v7e-m+fp/hard/libc_nano.a(libc_a-findfp.o)
                              /Applications/STM32CubeIDE.app/Contents/Eclipse/plugins/com.st.stm32cube.ide.mcu.externaltools.gnu-tools-for-stm32.12.3.rel1.macos64_1.1.0.202410301201/tools/bin/../lib/gcc/arm-none-eabi/12.3.1/../../../../arm-none-eabi/lib/thumb/v7e-m+fp/hard/libc_nano.a(libc_a-exit.o) (__stdio_exit_handler)
/Applications/STM32CubeIDE.app/Contents/Eclipse/plugins/com.st.stm32cube.ide.mcu.externaltools.gnu-tools-for-stm32.12.3.rel1.macos64_1.1.0.202410301201/tools/bin/../lib/gcc/arm-none-eabi/12.3.1/../../../../arm-none-eabi/lib/thumb/v7e-m+fp/hard/libc_nano.a(libc_a-fwalk.o)
                              /Applications/STM32CubeIDE.app/Contents/Eclipse/plugins/com.st.stm32cube.ide.mcu.externaltools.gnu-tools-for-stm32.12.3.rel1.macos64_1.1.0.202410301201/tools/bin/../lib/gcc/arm-none-eabi/12.3.1/../../../../arm-none-eabi/lib/thumb/v7e-m+fp/hard/libc_nano.a(libc_a-findfp.o) (_fwalk_sglue)
/Applications/STM32CubeIDE.app/Contents/Eclipse/plugins/com.st.stm32cube.ide.mcu.externaltools.gnu-tools-for-stm32.12.3.rel1.macos64_1.1.0.202410301201/tools/bin/../lib/gcc/arm-none-eabi/12.3.1/../../../../arm-none-eabi/lib/thumb/v7e-m+fp/hard/libc_nano.a(libc_a-memset.o)
                              /Applications/STM32CubeIDE.app/Contents/Eclipse/plugins/com.st.stm32cube.ide.mcu.externaltools.gnu-tools-for-stm32.12.3.rel1.macos64_1.1.0.202410301201/tools/bin/../lib/gcc/arm-none-eabi/12.3.1/../../../../arm-none-eabi/lib/thumb/v7e-m+fp/hard/crt0.o (memset)
/Applications/STM32CubeIDE.app/Contents/Eclipse/plugins/com.st.stm32cube.ide.mcu.externaltools.gnu-tools-for-stm32.12.3.rel1.macos64_1.1.0.202410301201/tools/bin/../lib/gcc/arm-none-eabi/12.3.1/../../../../arm-none-eabi/lib/thumb/v7e-m+fp/hard/libc_nano.a(libc_a-localeconv.o)
                              /Applications/STM32CubeIDE.app/Contents/Eclipse/plugins/com.st.stm32cube.ide.mcu.externaltools.gnu-tools-for-stm32.12.3.rel1.macos64_1.1.0.202410301201/tools/bin/../lib/gcc/arm-none-eabi/12.3.1/../../../../arm-none-eabi/lib/thumb/v7e-m+fp/hard/libc_nano.a(libc_a-nano-vfprintf_float.o) (_localeconv_r)
/Applications/STM32CubeIDE.app/Contents/Eclipse/plugins/com.st.stm32cube.ide.mcu.externaltools.gnu-tools-for-stm32.12.3.rel1.macos64_1.1.0.202410301201/tools/bin/../lib/gcc/arm-none-eabi/12.3.1/../../../../arm-none-eabi/lib/thumb/v7e-m+fp/hard/libc_nano.a(libc_a-impure.o)
                              /Applications/STM32CubeIDE.app/Contents/Eclipse/plugins/com.st.stm32cube.ide.mcu.externaltools.gnu-tools-for-stm32.12.3.rel1.macos64_1.1.0.202410301201/tools/bin/../lib/gcc/arm-none-eabi/12.3.1/../../../../arm-none-eabi/lib/thumb/v7e-m+fp/hard/libc_nano.a(libc_a-sprintf.o) (_impure_ptr)
[...]
Memory Configuration

Name             Origin             Length             Attributes
RAM              0x20000000         0x00020000         xrw
FLASH            0x08000000         0x00080000         xr
*default*        0x00000000         0xffffffff

Linker script and memory map

LOAD /Applications/STM32CubeIDE.app/Contents/Eclipse/plugins/com.st.stm32cube.ide.mcu.externaltools.gnu-tools-for-stm32.12.3.rel1.macos64_1.1.0.202410301201/tools/bin/../lib/gcc/arm-none-eabi/12.3.1/thumb/v7e-m+fp/hard/crti.o
LOAD /Applications/STM32CubeIDE.app/Contents/Eclipse/plugins/com.st.stm32cube.ide.mcu.externaltools.gnu-tools-for-stm32.12.3.rel1.macos64_1.1.0.202410301201/tools/bin/../lib/gcc/arm-none-eabi/12.3.1/thumb/v7e-m+fp/hard/crtbegin.o
LOAD /Applications/STM32CubeIDE.app/Contents/Eclipse/plugins/com.st.stm32cube.ide.mcu.externaltools.gnu-tools-for-stm32.12.3.rel1.macos64_1.1.0.202410301201/tools/bin/../lib/gcc/arm-none-eabi/12.3.1/../../../../arm-none-eabi/lib/thumb/v7e-m+fp/hard/crt0.o
LOAD ./Core/Src/ImageProcess.o
LOAD ./Core/Src/config.o
LOAD ./Core/Src/main.o
LOAD ./Core/Src/motor.o
LOAD ./Core/Src/ov7670.o
LOAD ./Core/Src/stm32f4xx_hal_msp.o
LOAD ./Core/Src/stm32f4xx_it.o
LOAD ./Core/Src/system_stm32f4xx.o
LOAD ./Core/Startup/startup_stm32f446zetx.o
LOAD ./Drivers/STM32F4xx_HAL_Driver/Src/stm32f4xx_hal.o
LOAD ./Drivers/STM32F4xx_HAL_Driver/Src/stm32f4xx_hal_cortex.o
LOAD ./Drivers/STM32F4xx_HAL_Driver/Src/stm32f4xx_hal_dcmi.o
LOAD ./Drivers/STM32F4xx_HAL_Driver/Src/stm32f4xx_hal_dcmi_ex.o
LOAD ./Drivers/STM32F4xx_HAL_Driver/Src/stm32f4xx_hal_dma.o
LOAD ./Drivers/STM32F4xx_HAL_Driver/Src/stm32f4xx_hal_dma_ex.o
LOAD ./Drivers/STM32F4xx_HAL_Driver/Src/stm32f4xx_hal_exti.o
LOAD ./Drivers/STM32F4xx_HAL_Driver/Src/stm32f4xx_hal_flash.o
LOAD ./Drivers/STM32F4xx_HAL_Driver/Src/stm32f4xx_hal_flash_ex.o
LOAD ./Drivers/STM32F4xx_HAL_Driver/Src/stm32f4xx_hal_flash_ramfunc.o
LOAD ./Drivers/STM32F4xx_HAL_Driver/Src/stm32f4xx_hal_gpio.o
LOAD ./Drivers/STM32F4xx_HAL_Driver/Src/stm32f4xx_hal_i2c.o
LOAD ./Drivers/STM32F4xx_HAL_Driver/Src/stm32f4xx_hal_i2c_ex.o
LOAD ./Drivers/STM32F4xx_HAL_Driver/Src/stm32f4xx_hal_pcd.o
LOAD ./Drivers/STM32F4xx_HAL_Driver/Src/stm32f4xx_hal_pcd_ex.o
LOAD ./Drivers/STM32F4xx_HAL_Driver/Src/stm32f4xx_hal_pwr.o
LOAD ./Drivers/STM32F4xx_HAL_Driver/Src/stm32f4xx_hal_pwr_ex.o
LOAD ./Drivers/STM32F4xx_HAL_Driver/Src/stm32f4xx_hal_rcc.o
LOAD ./Drivers/STM32F4xx_HAL_Driver/Src/stm32f4xx_hal_rcc_ex.o
LOAD ./Drivers/STM32F4xx_HAL_Driver/Src/stm32f4xx_hal_tim.o
LOAD ./Drivers/STM32F4xx_HAL_Driver/Src/stm32f4xx_hal_tim_ex.o
LOAD ./Drivers/STM32F4xx_HAL_Driver/Src/stm32f4xx_hal_uart.o
LOAD ./Drivers/STM32F4xx_HAL_Driver/Src/stm32f4xx_ll_usb.o
START GROUP
LOAD /Applications/STM32CubeIDE.app/Contents/Eclipse/plugins/com.st.stm32cube.ide.mcu.externaltools.gnu-tools-for-stm32.12.3.rel1.macos64_1.1.0.202410301201/tools/bin/../lib/gcc/arm-none-eabi/12.3.1/../../../../arm-none-eabi/lib/thumb/v7e-m+fp/hard/libc_nano.a
LOAD /Applications/STM32CubeIDE.app/Contents/Eclipse/plugins/com.st.stm32cube.ide.mcu.externaltools.gnu-tools-for-stm32.12.3.rel1.macos64_1.1.0.202410301201/tools/bin/../lib/gcc/arm-none-eabi/12.3.1/../../../../arm-none-eabi/lib/thumb/v7e-m+fp/hard/libm.a
END GROUP
START GROUP
LOAD /Applications/STM32CubeIDE.app/Contents/Eclipse/plugins/com.st.stm32cube.ide.mcu.externaltools.gnu-tools-for-stm32.12.3.rel1.macos64_1.1.0.202410301201/tools/bin/../lib/gcc/arm-none-eabi/12.3.1/thumb/v7e-m+fp/hard/libgcc.a
LOAD /Applications/STM32CubeIDE.app/Contents/Eclipse/plugins/com.st.stm32cube.ide.mcu.externaltools.gnu-tools-for-stm32.12.3.rel1.macos64_1.1.0.202410301201/tools/bin/../lib/gcc/arm-none-eabi/12.3.1/../../../../arm-none-eabi/lib/thumb/v7e-m+fp/hard/libc_nano.a
END GROUP
START GROUP
LOAD /Applications/STM32CubeIDE.app/Contents/Eclipse/plugins/com.st.stm32cube.ide.mcu.externaltools.gnu-tools-for-stm32.12.3.rel1.macos64_1.1.0.202410301201/tools/bin/../lib/gcc/arm-none-eabi/12.3.1/thumb/v7e-m+fp/hard/libgcc.a
LOAD /Applications/STM32CubeIDE.app/Contents/Eclipse/plugins/com.st.stm32cube.ide.mcu.externaltools.gnu-tools-for-stm32.12.3.rel1.macos64_1.1.0.202410301201/tools/bin/../lib/gcc/arm-none-eabi/12.3.1/../../../../arm-none-eabi/lib/thumb/v7e-m+fp/hard/libc_nano.a
LOAD /Applications/STM32CubeIDE.app/Contents/Eclipse/plugins/com.st.stm32cube.ide.mcu.externaltools.gnu-tools-for-stm32.12.3.rel1.macos64_1.1.0.202410301201/tools/bin/../lib/gcc/arm-none-eabi/12.3.1/../../../../arm-none-eabi/lib/thumb/v7e-m+fp/hard/libnosys.a
END GROUP
START GROUP
LOAD /Applications/STM32CubeIDE.app/Contents/Eclipse/plugins/com.st.stm32cube.ide.mcu.externaltools.gnu-tools-for-stm32.12.3.rel1.macos64_1.1.0.202410301201/tools/bin/../lib/gcc/arm-none-eabi/12.3.1/thumb/v7e-m+fp/hard/libgcc.a
LOAD /Applications/STM32CubeIDE.app/Contents/Eclipse/plugins/com.st.stm32cube.ide.mcu.externaltools.gnu-tools-for-stm32.12.3.rel1.macos64_1.1.0.202410301201/tools/bin/../lib/gcc/arm-none-eabi/12.3.1/../../../../arm-none-eabi/lib/thumb/v7e-m+fp/hard/libc_nano.a
LOAD /Applications/STM32CubeIDE.app/Contents/Eclipse/plugins/com.st.stm32cube.ide.mcu.externaltools.gnu-tools-for-stm32.12.3.rel1.macos64_1.1.0.202410301201/tools/bin/../lib/gcc/arm-none-eabi/12.3.1/../../../../arm-none-eabi/lib/thumb/v7e-m+fp/hard/libnosys.a
END GROUP
LOAD /Applications/STM32CubeIDE.app/Contents/Eclipse/plugins/com.st.stm32cube.ide.mcu.externaltools.gnu-tools-for-stm32.12.3.rel1.macos64_1.1.0.202410301201/tools/bin/../lib/gcc/arm-none-eabi/12.3.1/thumb/v7e-m+fp/hard/crtend.o
LOAD /Applications/STM32CubeIDE.app/Contents/Eclipse/plugins/com.st.stm32cube.ide.mcu.externaltools.gnu-tools-for-stm32.12.3.rel1.macos64_1.1.0.202410301201/tools/bin/../lib/gcc/arm-none-eabi/12.3.1/thumb/v7e-m+fp/hard/crtn.o
                0x20020000                        _estack = (ORIGIN (RAM) + LENGTH (RAM))
                0x00000200                        _Min_Heap_Size = 0x200
                0x00000400                        _Min_Stack_Size = 0x400

.isr_vector     0x08000000      0x1c4
                0x08000000                        . = ALIGN (0x4)
 *(.isr_vector)
 .isr_vector    0x08000000      0x1c4 ./Core/Startup/startup_stm32f446zetx.o
                0x08000000                g_pfnVectors
                0x080001c4                        . = ALIGN (0x4)

.text           0x080001d0     0xc10c
                0x080001d0                        . = ALIGN (0x4)
 *(.text)
 .text          0x080001d0       0x40 /Applications/STM32CubeIDE.app/Contents/Eclipse/plugins/com.st.stm32cube.ide.mcu.externaltools.gnu-tools-for-stm32.12.3.rel1.macos64_1.1.0.202410301201/tools/bin/../lib/gcc/arm-none-eabi/12.3.1/thumb/v7e-m+fp/hard/crtbegin.o
 .text          0x08000210       0xa0 /Applications/STM32CubeIDE.app/Contents/Eclipse/plugins/com.st.stm32cube.ide.mcu.externaltools.gnu-tools-for-stm32.12.3.rel1.macos64_1.1.0.202410301201/tools/bin/../lib/gcc/arm-none-eabi/12.3.1/../../../../arm-none-eabi/lib/thumb/v7e-m+fp/hard/libc_nano.a(libc_a-memchr.o)
                0x08000210                memchr
 .text          0x080002b0       0x10 /Applications/STM32CubeIDE.app/Contents/Eclipse/plugins/com.st.stm32cube.ide.mcu.externaltools.gnu-tools-for-stm32.12.3.rel1.macos64_1.1.0.202410301201/tools/bin/../lib/gcc/arm-none-eabi/12.3.1/../../../../arm-none-eabi/lib/thumb/v7e-m+fp/hard/libc_nano.a(libc_a-strlen.o)
                0x080002b0                strlen
 .text          0x080002c0      0x378 /Applications/STM32CubeIDE.app/Contents/Eclipse/plugins/com.st.stm32cube.ide.mcu.externaltools.gnu-tools-for-stm32.12.3.rel1.macos64_1.1.0.202410301201/tools/bin/../lib/gcc/arm-none-eabi/12.3.1/thumb/v7e-m+fp/hard/libgcc.a(_arm_addsubdf3.o)
                0x080002c0                __aeabi_drsub
                0x080002c8                __subdf3
                0x080002c8                __aeabi_dsub
                0x080002cc                __aeabi_dadd
                0x080002cc                __adddf3
                0x08000544                __aeabi_ui2d
                0x08000544                __floatunsidf
                0x08000564                __floatsidf
                0x08000564                __aeabi_i2d
                0x08000588                __extendsfdf2
                0x08000588                __aeabi_f2d
                0x080005cc                __aeabi_ul2d
                0x080005cc                __floatundidf
                0x080005dc                __aeabi_l2d
                0x080005dc                __floatdidf
 .text          0x08000638      0x424 /Applications/STM32CubeIDE.app/Contents/Eclipse/plugins/com.st.stm32cube.ide.mcu.externaltools.gnu-tools-for-stm32.12.3.rel1.macos64_1.1.0.202410301201/tools/bin/../lib/gcc/arm-none-eabi/12.3.1/thumb/v7e-m+fp/hard/libgcc.a(_arm_muldivdf3.o)
                0x08000638                __aeabi_dmul
                0x08000638                __muldf3
                0x0800088c                __aeabi_ddiv
                0x0800088c                __divdf3
 .text          0x08000a5c      0x110 /Applications/STM32CubeIDE.app/Contents/Eclipse/plugins/com.st.stm32cube.ide.mcu.externaltools.gnu-tools-for-stm32.12.3.rel1.macos64_1.1.0.202410301201/tools/bin/../lib/gcc/arm-none-eabi/12.3.1/thumb/v7e-m+fp/hard/libgcc.a(_arm_cmpdf2.o)
                0x08000a5c                __gedf2
                0x08000a5c                __gtdf2
                0x08000a64                __ledf2
                0x08000a64                __ltdf2
                0x08000a6c                __cmpdf2
                0x08000a6c                __eqdf2
                0x08000a6c                __nedf2
                0x08000ae8                __aeabi_cdrcmple
                0x08000af8                __aeabi_cdcmple
                0x08000af8                __aeabi_cdcmpeq
                0x08000b08                __aeabi_dcmpeq
                0x08000b1c                __aeabi_dcmplt
                0x08000b30                __aeabi_dcmple
                0x08000b44                __aeabi_dcmpge
                0x08000b58                __aeabi_dcmpgt
 .text          0x08000b6c       0x2c /Applications/STM32CubeIDE.app/Contents/Eclipse/plugins/com.st.stm32cube.ide.mcu.externaltools.gnu-tools-for-stm32.12.3.rel1.macos64_1.1.0.202410301201/tools/bin/../lib/gcc/arm-none-eabi/12.3.1/thumb/v7e-m+fp/hard/libgcc.a(_arm_unorddf2.o)
                0x08000b6c                __aeabi_dcmpun
                0x08000b6c                __unorddf2
 .text          0x08000b98       0x50 /Applications/STM32CubeIDE.app/Contents/Eclipse/plugins/com.st.stm32cube.ide.mcu.externaltools.gnu-tools-for-stm32.12.3.rel1.macos64_1.1.0.202410301201/tools/bin/../lib/gcc/arm-none-eabi/12.3.1/thumb/v7e-m+fp/hard/libgcc.a(_arm_fixdfsi.o)
                0x08000b98                __fixdfsi
                0x08000b98                __aeabi_d2iz
 .text          0x08000be8       0x30 /Applications/STM32CubeIDE.app/Contents/Eclipse/plugins/com.st.stm32cube.ide.mcu.externaltools.gnu-tools-for-stm32.12.3.rel1.macos64_1.1.0.202410301201/tools/bin/../lib/gcc/arm-none-eabi/12.3.1/thumb/v7e-m+fp/hard/libgcc.a(_aeabi_uldivmod.o)
                0x08000be8                __aeabi_uldivmod
 .text          0x08000c18      0x2bc /Applications/STM32CubeIDE.app/Contents/Eclipse/plugins/com.st.stm32cube.ide.mcu.externaltools.gnu-tools-for-stm32.12.3.rel1.macos64_1.1.0.202410301201/tools/bin/../lib/gcc/arm-none-eabi/12.3.1/thumb/v7e-m+fp/hard/libgcc.a(_udivmoddi4.o)
                0x08000c18                __udivmoddi4
 .text          0x08000ed4        0x4 /Applications/STM32CubeIDE.app/Contents/Eclipse/plugins/com.st.stm32cube.ide.mcu.externaltools.gnu-tools-for-stm32.12.3.rel1.macos64_1.1.0.202410301201/tools/bin/../lib/gcc/arm-none-eabi/12.3.1/thumb/v7e-m+fp/hard/libgcc.a(_dvmd_tls.o)
                0x08000ed4                __aeabi_ldiv0
                0x08000ed4                __aeabi_idiv0
 *(.text*)
 .text.calculateCenter
                0x08000ed8       0xfc ./Core/Src/ImageProcess.o
                0x08000ed8                calculateCenter
 .text.calculateDxDy
                0x08000fd4       0x54 ./Core/Src/ImageProcess.o
                0x08000fd4                calculateDxDy
 .text.print_msg
                0x08001028       0x2c ./Core/Src/config.o
                0x08001028                print_msg
 .text.receive_msg
                0x08001054       0x2c ./Core/Src/config.o
                0x08001054                receive_msg
 .text.main     0x08001080      0x144 ./Core/Src/main.o
                0x08001080                main
 .text.print_buf
                0x080011c4       0x80 ./Core/Src/main.o
                0x080011c4                print_buf
 .text.SystemClock_Config
                0x08001244       0xd8 ./Core/Src/main.o
                0x08001244                SystemClock_Config
 .text.MX_DCMI_Init
                0x0800131c       0x68 ./Core/Src/main.o
 .text.MX_I2C2_Init
                0x08001384       0x5c ./Core/Src/main.o
 .text.MX_TIM1_Init
                0x080013e0      0x104 ./Core/Src/main.o
 .text.MX_TIM2_Init
                0x080014e4       0xc8 ./Core/Src/main.o
 .text.MX_TIM6_Init
                0x080015ac       0x6c ./Core/Src/main.o
 .text.MX_USART3_UART_Init
                0x08001618       0x54 ./Core/Src/main.o
 .text.MX_USB_OTG_FS_PCD_Init
                0x0800166c       0x5c ./Core/Src/main.o
 .text.MX_DMA_Init
                0x080016c8       0x6c ./Core/Src/main.o
 .text.MX_GPIO_Init
                0x08001734      0x21c ./Core/Src/main.o
 .text.Error_Handler
                0x08001950        0xc ./Core/Src/main.o
                0x08001950                Error_Handler
 .text.reset_motor
                0x0800195c       0x80 ./Core/Src/motor.o
                0x0800195c                reset_motor
 .text.convert_to_speed
                0x080019dc       0x50 ./Core/Src/motor.o
 .text.set_motor_direction
                0x08001a2c       0xec ./Core/Src/motor.o
                0x08001a2c                set_motor_direction
 .text.ov7670_init
                0x08001b18       0x84 ./Core/Src/ov7670.o
                0x08001b18                ov7670_init
 .text.ov7670_read
                0x08001b9c       0xc4 ./Core/Src/ov7670.o
                0x08001b9c                ov7670_read
 .text.ov7670_write
                0x08001c60       0x80 ./Core/Src/ov7670.o
                0x08001c60                ov7670_write
 .text.ov7670_snapshot
                0x08001ce0       0x24 ./Core/Src/ov7670.o
                0x08001ce0                ov7670_snapshot
 .text.ov7670_capture
                0x08001d04       0x24 ./Core/Src/ov7670.o
                0x08001d04                ov7670_capture
 .text.HAL_MspInit
                0x08001d28       0x50 ./Core/Src/stm32f4xx_hal_msp.o
                0x08001d28                HAL_MspInit
 .text.HAL_DCMI_MspInit
                0x08001d78      0x224 ./Core/Src/stm32f4xx_hal_msp.o
                0x08001d78                HAL_DCMI_MspInit
 .text.HAL_I2C_MspInit
                0x08001f9c       0x90 ./Core/Src/stm32f4xx_hal_msp.o
                0x08001f9c                HAL_I2C_MspInit
 .text.HAL_TIM_PWM_MspInit
                0x0800202c       0x6c ./Core/Src/stm32f4xx_hal_msp.o
                0x0800202c                HAL_TIM_PWM_MspInit
 .text.HAL_TIM_Base_MspInit
                0x08002098       0x50 ./Core/Src/stm32f4xx_hal_msp.o
                0x08002098                HAL_TIM_Base_MspInit
 .text.HAL_TIM_MspPostInit
                0x080020e8       0xc4 ./Core/Src/stm32f4xx_hal_msp.o
                0x080020e8                HAL_TIM_MspPostInit
 .text.HAL_UART_MspInit
                0x080021ac      0x118 ./Core/Src/stm32f4xx_hal_msp.o
                0x080021ac                HAL_UART_MspInit
 .text.HAL_PCD_MspInit
                0x080022c4       0xe0 ./Core/Src/stm32f4xx_hal_msp.o
                0x080022c4                HAL_PCD_MspInit
 .text.NMI_Handler
                0x080023a4        0x8 ./Core/Src/stm32f4xx_it.o
                0x080023a4                NMI_Handler
 .text.HardFault_Handler
                0x080023ac        0x8 ./Core/Src/stm32f4xx_it.o
                0x080023ac                HardFault_Handler
 .text.MemManage_Handler
                0x080023b4        0x8 ./Core/Src/stm32f4xx_it.o
                0x080023b4                MemManage_Handler
 .text.BusFault_Handler
                0x080023bc        0x8 ./Core/Src/stm32f4xx_it.o
                0x080023bc                BusFault_Handler
 .text.UsageFault_Handler
                0x080023c4        0x8 ./Core/Src/stm32f4xx_it.o
                0x080023c4                UsageFault_Handler
 .text.SVC_Handler
                0x080023cc        0xe ./Core/Src/stm32f4xx_it.o
                0x080023cc                SVC_Handler
 .text.DebugMon_Handler
                0x080023da        0xe ./Core/Src/stm32f4xx_it.o
                0x080023da                DebugMon_Handler
 .text.PendSV_Handler
                0x080023e8        0xe ./Core/Src/stm32f4xx_it.o
                0x080023e8                PendSV_Handler
 .text.SysTick_Handler
                0x080023f6        0xc ./Core/Src/stm32f4xx_it.o
                0x080023f6                SysTick_Handler
 *fill*         0x08002402        0x2 
 .text.DMA1_Stream3_IRQHandler
                0x08002404       0x14 ./Core/Src/stm32f4xx_it.o
                0x08002404                DMA1_Stream3_IRQHandler
 .text.USART3_IRQHandler
                0x08002418       0x30 ./Core/Src/stm32f4xx_it.o
                0x08002418                USART3_IRQHandler
 .text.EXTI15_10_IRQHandler
                0x08002448       0x10 ./Core/Src/stm32f4xx_it.o
                0x08002448                EXTI15_10_IRQHandler
 .text.TIM6_DAC_IRQHandler
                0x08002458       0x14 ./Core/Src/stm32f4xx_it.o
                0x08002458                TIM6_DAC_IRQHandler
 .text.DMA2_Stream1_IRQHandler
                0x0800246c       0x24 ./Core/Src/stm32f4xx_it.o
                0x0800246c                DMA2_Stream1_IRQHandler
 .text.DCMI_IRQHandler
                0x08002490       0x14 ./Core/Src/stm32f4xx_it.o
                0x08002490                DCMI_IRQHandler
 .text.SystemInit
                0x080024a4       0x24 ./Core/Src/system_stm32f4xx.o
                0x080024a4                SystemInit
 .text.Reset_Handler
                0x080024c8       0x50 ./Core/Startup/startup_stm32f446zetx.o
                0x080024c8                Reset_Handler
 .text.Default_Handler
                0x08002518        0x2 ./Core/Startup/startup_stm32f446zetx.o
                0x08002518                SAI1_IRQHandler
                0x08002518                EXTI2_IRQHandler
                0x08002518                TIM8_CC_IRQHandler
                0x08002518                FMPI2C1_EV_IRQHandler
                0x08002518                SPI4_IRQHandler
                0x08002518                TIM1_CC_IRQHandler
                0x08002518                DMA2_Stream5_IRQHandler
                0x08002518                DMA1_Stream5_IRQHandler
                0x08002518                PVD_IRQHandler
                0x08002518                SDIO_IRQHandler
                0x08002518                TAMP_STAMP_IRQHandler
                0x08002518                CAN2_RX1_IRQHandler
                0x08002518                EXTI3_IRQHandler
                0x08002518                TIM8_TRG_COM_TIM14_IRQHandler
                0x08002518                TIM1_UP_TIM10_IRQHandler
                0x08002518                TIM8_UP_TIM13_IRQHandler
                0x08002518                I2C3_ER_IRQHandler
                0x08002518                EXTI0_IRQHandler
                0x08002518                I2C2_EV_IRQHandler
                0x08002518                DMA1_Stream2_IRQHandler
                0x08002518                CAN1_RX0_IRQHandler
                0x08002518                FPU_IRQHandler
                0x08002518                OTG_HS_WKUP_IRQHandler
                0x08002518                CAN2_SCE_IRQHandler
                0x08002518                DMA2_Stream2_IRQHandler
                0x08002518                SPI1_IRQHandler
                0x08002518                TIM1_BRK_TIM9_IRQHandler
                0x08002518                CAN2_RX0_IRQHandler
                0x08002518                DMA2_Stream3_IRQHandler
                0x08002518                SAI2_IRQHandler
                0x08002518                USART6_IRQHandler
                0x08002518                CAN1_RX1_IRQHandler
                0x08002518                UART5_IRQHandler
                0x08002518                DMA2_Stream0_IRQHandler
                0x08002518                TIM4_IRQHandler
                0x08002518                QUADSPI_IRQHandler
                0x08002518                I2C1_EV_IRQHandler
                0x08002518                DMA1_Stream6_IRQHandler
                0x08002518                DMA1_Stream1_IRQHandler
                0x08002518                UART4_IRQHandler
                0x08002518                TIM3_IRQHandler
                0x08002518                RCC_IRQHandler
                0x08002518                TIM8_BRK_TIM12_IRQHandler
                0x08002518                Default_Handler
                0x08002518                CEC_IRQHandler
                0x08002518                ADC_IRQHandler
                0x08002518                DMA1_Stream7_IRQHandler
                0x08002518                TIM7_IRQHandler
                0x08002518                CAN2_TX_IRQHandler
                0x08002518                TIM5_IRQHandler
                0x08002518                DMA2_Stream7_IRQHandler
                0x08002518                I2C3_EV_IRQHandler
                0x08002518                EXTI9_5_IRQHandler
                0x08002518                RTC_WKUP_IRQHandler
                0x08002518                SPDIF_RX_IRQHandler
                0x08002518                SPI2_IRQHandler
                0x08002518                OTG_HS_EP1_IN_IRQHandler
                0x08002518                DMA1_Stream0_IRQHandler
                0x08002518                CAN1_TX_IRQHandler
                0x08002518                FMPI2C1_ER_IRQHandler
                0x08002518                EXTI4_IRQHandler
                0x08002518                OTG_HS_EP1_OUT_IRQHandler
                0x08002518                WWDG_IRQHandler
                0x08002518                TIM2_IRQHandler
                0x08002518                OTG_FS_WKUP_IRQHandler
                0x08002518                TIM1_TRG_COM_TIM11_IRQHandler
                0x08002518                OTG_HS_IRQHandler
                0x08002518                EXTI1_IRQHandler
                0x08002518                USART2_IRQHandler
                0x08002518                I2C2_ER_IRQHandler
                0x08002518                CAN1_SCE_IRQHandler
                0x08002518                FLASH_IRQHandler
                0x08002518                DMA2_Stream4_IRQHandler
                0x08002518                USART1_IRQHandler
                0x08002518                OTG_FS_IRQHandler
                0x08002518                SPI3_IRQHandler
                0x08002518                DMA1_Stream4_IRQHandler
                0x08002518                I2C1_ER_IRQHandler
                0x08002518                FMC_IRQHandler
                0x08002518                DMA2_Stream6_IRQHandler
                0x08002518                RTC_Alarm_IRQHandler
 *fill*         0x0800251a        0x2 
 .text.HAL_Init
                0x0800251c       0x44 ./Drivers/STM32F4xx_HAL_Driver/Src/stm32f4xx_hal.o
                0x0800251c                HAL_Init
 .text.HAL_InitTick
                0x08002560       0x60 ./Drivers/STM32F4xx_HAL_Driver/Src/stm32f4xx_hal.o
                0x08002560                HAL_InitTick
 .text.HAL_IncTick
                0x080025c0       0x28 ./Drivers/STM32F4xx_HAL_Driver/Src/stm32f4xx_hal.o
                0x080025c0                HAL_IncTick
 .text.HAL_GetTick
                0x080025e8       0x18 ./Drivers/STM32F4xx_HAL_Driver/Src/stm32f4xx_hal.o
                0x080025e8                HAL_GetTick
 .text.HAL_Delay
                0x08002600       0x48 ./Drivers/STM32F4xx_HAL_Driver/Src/stm32f4xx_hal.o
                0x08002600                HAL_Delay
 .text.__NVIC_SetPriorityGrouping
                0x08002648       0x48 ./Drivers/STM32F4xx_HAL_Driver/Src/stm32f4xx_hal_cortex.o
 .text.__NVIC_GetPriorityGrouping
                0x08002690       0x1c ./Drivers/STM32F4xx_HAL_Driver/Src/stm32f4xx_hal_cortex.o
 .text.__NVIC_EnableIRQ
                0x080026ac       0x3c ./Drivers/STM32F4xx_HAL_Driver/Src/stm32f4xx_hal_cortex.o
 .text.__NVIC_SetPriority
                0x080026e8       0x54 ./Drivers/STM32F4xx_HAL_Driver/Src/stm32f4xx_hal_cortex.o
 .text.NVIC_EncodePriority
                0x0800273c       0x66 ./Drivers/STM32F4xx_HAL_Driver/Src/stm32f4xx_hal_cortex.o
 *fill*         0x080027a2        0x2 
 .text.SysTick_Config
                0x080027a4       0x44 ./Drivers/STM32F4xx_HAL_Driver/Src/stm32f4xx_hal_cortex.o
 .text.HAL_NVIC_SetPriorityGrouping
                0x080027e8       0x16 ./Drivers/STM32F4xx_HAL_Driver/Src/stm32f4xx_hal_cortex.o
                0x080027e8                HAL_NVIC_SetPriorityGrouping
 .text.HAL_NVIC_SetPriority
                0x080027fe       0x38 ./Drivers/STM32F4xx_HAL_Driver/Src/stm32f4xx_hal_cortex.o
                0x080027fe                HAL_NVIC_SetPriority
 .text.HAL_NVIC_EnableIRQ
                0x08002836       0x1c ./Drivers/STM32F4xx_HAL_Driver/Src/stm32f4xx_hal_cortex.o
                0x08002836                HAL_NVIC_EnableIRQ
 .text.HAL_SYSTICK_Config
                0x08002852       0x18 ./Drivers/STM32F4xx_HAL_Driver/Src/stm32f4xx_hal_cortex.o
                0x08002852                HAL_SYSTICK_Config
 *fill*         0x0800286a        0x2 
 .text.HAL_DCMI_Start_DMA
                0x0800286c      0x140 ./Drivers/STM32F4xx_HAL_Driver/Src/stm32f4xx_hal_dcmi.o
                0x0800286c                HAL_DCMI_Start_DMA
 .text.HAL_DCMI_Stop
                0x080029ac       0xb8 ./Drivers/STM32F4xx_HAL_Driver/Src/stm32f4xx_hal_dcmi.o
                0x080029ac                HAL_DCMI_Stop
 .text.HAL_DCMI_IRQHandler
                0x08002a64       0xfc ./Drivers/STM32F4xx_HAL_Driver/Src/stm32f4xx_hal_dcmi.o
                0x08002a64                HAL_DCMI_IRQHandler
 .text.HAL_DCMI_ErrorCallback
                0x08002b60       0x14 ./Drivers/STM32F4xx_HAL_Driver/Src/stm32f4xx_hal_dcmi.o
                0x08002b60                HAL_DCMI_ErrorCallback
 .text.HAL_DCMI_LineEventCallback
                0x08002b74       0x14 ./Drivers/STM32F4xx_HAL_Driver/Src/stm32f4xx_hal_dcmi.o
                0x08002b74                HAL_DCMI_LineEventCallback
 .text.HAL_DCMI_VsyncEventCallback
                0x08002b88       0x14 ./Drivers/STM32F4xx_HAL_Driver/Src/stm32f4xx_hal_dcmi.o
                0x08002b88                HAL_DCMI_VsyncEventCallback
 .text.HAL_DCMI_FrameEventCallback
                0x08002b9c       0x14 ./Drivers/STM32F4xx_HAL_Driver/Src/stm32f4xx_hal_dcmi.o
                0x08002b9c                HAL_DCMI_FrameEventCallback
 .text.DCMI_DMAXferCplt
                0x08002bb0      0x12a ./Drivers/STM32F4xx_HAL_Driver/Src/stm32f4xx_hal_dcmi.o
 .text.DCMI_DMAError
                0x08002cda       0x2e ./Drivers/STM32F4xx_HAL_Driver/Src/stm32f4xx_hal_dcmi.o
 .text.HAL_DCMI_Init
                0x08002d08       0xf4 ./Drivers/STM32F4xx_HAL_Driver/Src/stm32f4xx_hal_dcmi_ex.o
                0x08002d08                HAL_DCMI_Init
 .text.HAL_DMA_Init
                0x08002dfc      0x15c ./Drivers/STM32F4xx_HAL_Driver/Src/stm32f4xx_hal_dma.o
                0x08002dfc                HAL_DMA_Init
 .text.HAL_DMA_Start_IT
                0x08002f58       0xb0 ./Drivers/STM32F4xx_HAL_Driver/Src/stm32f4xx_hal_dma.o
                0x08002f58                HAL_DMA_Start_IT
 .text.HAL_DMA_Abort
                0x08003008       0xe0 ./Drivers/STM32F4xx_HAL_Driver/Src/stm32f4xx_hal_dma.o
                0x08003008                HAL_DMA_Abort
 .text.HAL_DMA_Abort_IT
                0x080030e8       0x44 ./Drivers/STM32F4xx_HAL_Driver/Src/stm32f4xx_hal_dma.o
                0x080030e8                HAL_DMA_Abort_IT
 .text.HAL_DMA_IRQHandler
                0x0800312c      0x314 ./Drivers/STM32F4xx_HAL_Driver/Src/stm32f4xx_hal_dma.o
                0x0800312c                HAL_DMA_IRQHandler
 .text.DMA_SetConfig
                0x08003440       0x5c ./Drivers/STM32F4xx_HAL_Driver/Src/stm32f4xx_hal_dma.o
 .text.DMA_CalcBaseAndBitshift
                0x0800349c       0x6c ./Drivers/STM32F4xx_HAL_Driver/Src/stm32f4xx_hal_dma.o
 .text.DMA_CheckFifoParam
                0x08003508       0xf8 ./Drivers/STM32F4xx_HAL_Driver/Src/stm32f4xx_hal_dma.o
 .text.HAL_DMAEx_MultiBufferStart_IT
                0x08003600     0x1290 ./Drivers/STM32F4xx_HAL_Driver/Src/stm32f4xx_hal_dma_ex.o
                0x08003600                HAL_DMAEx_MultiBufferStart_IT
 .text.HAL_DMAEx_ChangeMemory
                0x08004890       0x34 ./Drivers/STM32F4xx_HAL_Driver/Src/stm32f4xx_hal_dma_ex.o
                0x08004890                HAL_DMAEx_ChangeMemory
 .text.DMA_MultiBufferSetConfig
                0x080048c4       0x4c ./Drivers/STM32F4xx_HAL_Driver/Src/stm32f4xx_hal_dma_ex.o
 .text.HAL_GPIO_Init
                0x08004910      0x328 ./Drivers/STM32F4xx_HAL_Driver/Src/stm32f4xx_hal_gpio.o
                0x08004910                HAL_GPIO_Init
 .text.HAL_GPIO_WritePin
                0x08004c38       0x32 ./Drivers/STM32F4xx_HAL_Driver/Src/stm32f4xx_hal_gpio.o
                0x08004c38                HAL_GPIO_WritePin
 .text.HAL_GPIO_TogglePin
                0x08004c6a       0x34 ./Drivers/STM32F4xx_HAL_Driver/Src/stm32f4xx_hal_gpio.o
                0x08004c6a                HAL_GPIO_TogglePin
 *fill*         0x08004c9e        0x2 
 .text.HAL_GPIO_EXTI_IRQHandler
                0x08004ca0       0x30 ./Drivers/STM32F4xx_HAL_Driver/Src/stm32f4xx_hal_gpio.o
                0x08004ca0                HAL_GPIO_EXTI_IRQHandler
 .text.HAL_GPIO_EXTI_Callback
                0x08004cd0       0x16 ./Drivers/STM32F4xx_HAL_Driver/Src/stm32f4xx_hal_gpio.o
                0x08004cd0                HAL_GPIO_EXTI_Callback
 *fill*         0x08004ce6        0x2 
 .text.HAL_I2C_Init
                0x08004ce8      0x288 ./Drivers/STM32F4xx_HAL_Driver/Src/stm32f4xx_hal_i2c.o
                0x08004ce8                HAL_I2C_Init
 .text.HAL_I2C_Master_Transmit
                0x08004f70      0x1fc ./Drivers/STM32F4xx_HAL_Driver/Src/stm32f4xx_hal_i2c.o
                0x08004f70                HAL_I2C_Master_Transmit
 .text.HAL_I2C_Master_Receive
                0x0800516c      0x44c ./Drivers/STM32F4xx_HAL_Driver/Src/stm32f4xx_hal_i2c.o
                0x0800516c                HAL_I2C_Master_Receive
 .text.I2C_MasterRequestWrite
                0x080055b8      0x104 ./Drivers/STM32F4xx_HAL_Driver/Src/stm32f4xx_hal_i2c.o
 .text.I2C_MasterRequestRead
                0x080056bc      0x19c ./Drivers/STM32F4xx_HAL_Driver/Src/stm32f4xx_hal_i2c.o
 .text.I2C_WaitOnFlagUntilTimeout
                0x08005858       0xae ./Drivers/STM32F4xx_HAL_Driver/Src/stm32f4xx_hal_i2c.o
 .text.I2C_WaitOnMasterAddressFlagUntilTimeout
                0x08005906       0xfe ./Drivers/STM32F4xx_HAL_Driver/Src/stm32f4xx_hal_i2c.o
 .text.I2C_WaitOnTXEFlagUntilTimeout
                0x08005a04       0x82 ./Drivers/STM32F4xx_HAL_Driver/Src/stm32f4xx_hal_i2c.o
 .text.I2C_WaitOnBTFFlagUntilTimeout
                0x08005a86       0x82 ./Drivers/STM32F4xx_HAL_Driver/Src/stm32f4xx_hal_i2c.o
 .text.I2C_WaitOnRXNEFlagUntilTimeout
                0x08005b08       0xac ./Drivers/STM32F4xx_HAL_Driver/Src/stm32f4xx_hal_i2c.o
 .text.I2C_IsAcknowledgeFailed
                0x08005bb4       0x5e ./Drivers/STM32F4xx_HAL_Driver/Src/stm32f4xx_hal_i2c.o
 .text.HAL_PCD_Init
                0x08005c12      0x248 ./Drivers/STM32F4xx_HAL_Driver/Src/stm32f4xx_hal_pcd.o
                0x08005c12                HAL_PCD_Init
 .text.HAL_PCDEx_ActivateLPM
                0x08005e5a       0x48 ./Drivers/STM32F4xx_HAL_Driver/Src/stm32f4xx_hal_pcd_ex.o
                0x08005e5a                HAL_PCDEx_ActivateLPM
 *fill*         0x08005ea2        0x2 
 .text.HAL_RCC_ClockConfig
                0x08005ea4      0x1cc ./Drivers/STM32F4xx_HAL_Driver/Src/stm32f4xx_hal_rcc.o
                0x08005ea4                HAL_RCC_ClockConfig
 .text.HAL_RCC_GetHCLKFreq
                0x08006070       0x18 ./Drivers/STM32F4xx_HAL_Driver/Src/stm32f4xx_hal_rcc.o
                0x08006070                HAL_RCC_GetHCLKFreq
 .text.HAL_RCC_GetPCLK1Freq
                0x08006088       0x28 ./Drivers/STM32F4xx_HAL_Driver/Src/stm32f4xx_hal_rcc.o
                0x08006088                HAL_RCC_GetPCLK1Freq
 .text.HAL_RCC_GetPCLK2Freq
                0x080060b0       0x28 ./Drivers/STM32F4xx_HAL_Driver/Src/stm32f4xx_hal_rcc.o
                0x080060b0                HAL_RCC_GetPCLK2Freq
 .text.HAL_RCCEx_PeriphCLKConfig
                0x080060d8      0x654 ./Drivers/STM32F4xx_HAL_Driver/Src/stm32f4xx_hal_rcc_ex.o
                0x080060d8                HAL_RCCEx_PeriphCLKConfig
 .text.HAL_RCC_GetSysClockFreq
                0x0800672c      0x460 ./Drivers/STM32F4xx_HAL_Driver/Src/stm32f4xx_hal_rcc_ex.o
                0x0800672c                HAL_RCC_GetSysClockFreq
 .text.HAL_RCC_OscConfig
                0x08006b8c      0x53c ./Drivers/STM32F4xx_HAL_Driver/Src/stm32f4xx_hal_rcc_ex.o
                0x08006b8c                HAL_RCC_OscConfig
 .text.HAL_TIM_Base_Init
                0x080070c8       0x9e ./Drivers/STM32F4xx_HAL_Driver/Src/stm32f4xx_hal_tim.o
                0x080070c8                HAL_TIM_Base_Init
 .text.HAL_TIM_PWM_Init
                0x08007166       0x9e ./Drivers/STM32F4xx_HAL_Driver/Src/stm32f4xx_hal_tim.o
                0x08007166                HAL_TIM_PWM_Init
 .text.HAL_TIM_PWM_Start
                0x08007204      0x190 ./Drivers/STM32F4xx_HAL_Driver/Src/stm32f4xx_hal_tim.o
                0x08007204                HAL_TIM_PWM_Start
 .text.HAL_TIM_IRQHandler
                0x08007394      0x210 ./Drivers/STM32F4xx_HAL_Driver/Src/stm32f4xx_hal_tim.o
                0x08007394                HAL_TIM_IRQHandler
 .text.HAL_TIM_PWM_ConfigChannel
                0x080075a4      0x184 ./Drivers/STM32F4xx_HAL_Driver/Src/stm32f4xx_hal_tim.o
                0x080075a4                HAL_TIM_PWM_ConfigChannel
 .text.HAL_TIM_PeriodElapsedCallback
                0x08007728       0x14 ./Drivers/STM32F4xx_HAL_Driver/Src/stm32f4xx_hal_tim.o
                0x08007728                HAL_TIM_PeriodElapsedCallback
 .text.HAL_TIM_OC_DelayElapsedCallback
                0x0800773c       0x14 ./Drivers/STM32F4xx_HAL_Driver/Src/stm32f4xx_hal_tim.o
                0x0800773c                HAL_TIM_OC_DelayElapsedCallback
 .text.HAL_TIM_IC_CaptureCallback
                0x08007750       0x14 ./Drivers/STM32F4xx_HAL_Driver/Src/stm32f4xx_hal_tim.o
                0x08007750                HAL_TIM_IC_CaptureCallback
 .text.HAL_TIM_PWM_PulseFinishedCallback
                0x08007764       0x14 ./Drivers/STM32F4xx_HAL_Driver/Src/stm32f4xx_hal_tim.o
                0x08007764                HAL_TIM_PWM_PulseFinishedCallback
 .text.HAL_TIM_TriggerCallback
                0x08007778       0x14 ./Drivers/STM32F4xx_HAL_Driver/Src/stm32f4xx_hal_tim.o
                0x08007778                HAL_TIM_TriggerCallback
 .text.TIM_Base_SetConfig
                0x0800778c      0x140 ./Drivers/STM32F4xx_HAL_Driver/Src/stm32f4xx_hal_tim.o
                0x0800778c                TIM_Base_SetConfig
 .text.TIM_OC1_SetConfig
                0x080078cc       0xe0 ./Drivers/STM32F4xx_HAL_Driver/Src/stm32f4xx_hal_tim.o
 .text.TIM_OC2_SetConfig
                0x080079ac       0xec ./Drivers/STM32F4xx_HAL_Driver/Src/stm32f4xx_hal_tim.o
                0x080079ac                TIM_OC2_SetConfig
 .text.TIM_OC3_SetConfig
                0x08007a98       0xe8 ./Drivers/STM32F4xx_HAL_Driver/Src/stm32f4xx_hal_tim.o
 .text.TIM_OC4_SetConfig
                0x08007b80       0xac ./Drivers/STM32F4xx_HAL_Driver/Src/stm32f4xx_hal_tim.o
 .text.TIM_CCxChannelCmd
                0x08007c2c       0x4a ./Drivers/STM32F4xx_HAL_Driver/Src/stm32f4xx_hal_tim.o
                0x08007c2c                TIM_CCxChannelCmd
 *fill*         0x08007c76        0x2 
 .text.HAL_TIMEx_MasterConfigSynchronization
                0x08007c78       0xf8 ./Drivers/STM32F4xx_HAL_Driver/Src/stm32f4xx_hal_tim_ex.o
                0x08007c78                HAL_TIMEx_MasterConfigSynchronization
 .text.HAL_TIMEx_ConfigBreakDeadTime
                0x08007d70       0xa4 ./Drivers/STM32F4xx_HAL_Driver/Src/stm32f4xx_hal_tim_ex.o
                0x08007d70                HAL_TIMEx_ConfigBreakDeadTime
 .text.HAL_TIMEx_CommutCallback
                0x08007e14       0x14 ./Drivers/STM32F4xx_HAL_Driver/Src/stm32f4xx_hal_tim_ex.o
                0x08007e14                HAL_TIMEx_CommutCallback
 .text.HAL_TIMEx_BreakCallback
                0x08007e28       0x14 ./Drivers/STM32F4xx_HAL_Driver/Src/stm32f4xx_hal_tim_ex.o
                0x08007e28                HAL_TIMEx_BreakCallback
 .text.HAL_UART_Init
                0x08007e3c       0x9a ./Drivers/STM32F4xx_HAL_Driver/Src/stm32f4xx_hal_uart.o
                0x08007e3c                HAL_UART_Init
 .text.HAL_UART_Transmit
                0x08007ed6      0x124 ./Drivers/STM32F4xx_HAL_Driver/Src/stm32f4xx_hal_uart.o
                0x08007ed6                HAL_UART_Transmit
 .text.HAL_UART_Receive
                0x08007ffa      0x144 ./Drivers/STM32F4xx_HAL_Driver/Src/stm32f4xx_hal_uart.o
                0x08007ffa                HAL_UART_Receive
 *fill*         0x0800813e        0x2 
 .text.HAL_UART_IRQHandler
                0x08008140      0x51c ./Drivers/STM32F4xx_HAL_Driver/Src/stm32f4xx_hal_uart.o
                0x08008140                HAL_UART_IRQHandler
 .text.HAL_UART_TxCpltCallback
                0x0800865c       0x14 ./Drivers/STM32F4xx_HAL_Driver/Src/stm32f4xx_hal_uart.o
                0x0800865c                HAL_UART_TxCpltCallback
 .text.HAL_UART_RxCpltCallback
                0x08008670       0x14 ./Drivers/STM32F4xx_HAL_Driver/Src/stm32f4xx_hal_uart.o
                0x08008670                HAL_UART_RxCpltCallback
 .text.HAL_UART_ErrorCallback
                0x08008684       0x14 ./Drivers/STM32F4xx_HAL_Driver/Src/stm32f4xx_hal_uart.o
                0x08008684                HAL_UART_ErrorCallback
 .text.HAL_UARTEx_RxEventCallback
                0x08008698       0x18 ./Drivers/STM32F4xx_HAL_Driver/Src/stm32f4xx_hal_uart.o
                0x08008698                HAL_UARTEx_RxEventCallback
 .text.UART_WaitOnFlagUntilTimeout
                0x080086b0       0xdc ./Drivers/STM32F4xx_HAL_Driver/Src/stm32f4xx_hal_uart.o
 .text.UART_EndRxTransfer
                0x0800878c       0xc6 ./Drivers/STM32F4xx_HAL_Driver/Src/stm32f4xx_hal_uart.o
 .text.UART_DMAAbortOnError
                0x08008852       0x28 ./Drivers/STM32F4xx_HAL_Driver/Src/stm32f4xx_hal_uart.o
 .text.UART_Transmit_IT
                0x0800887a       0xa0 ./Drivers/STM32F4xx_HAL_Driver/Src/stm32f4xx_hal_uart.o
 .text.UART_EndTransmit_IT
                0x0800891a       0x30 ./Drivers/STM32F4xx_HAL_Driver/Src/stm32f4xx_hal_uart.o
 .text.UART_Receive_IT
                0x0800894a      0x176 ./Drivers/STM32F4xx_HAL_Driver/Src/stm32f4xx_hal_uart.o
 .text.UART_SetConfig
                0x08008ac0      0x4e8 ./Drivers/STM32F4xx_HAL_Driver/Src/stm32f4xx_hal_uart.o
 .text.USB_CoreInit
                0x08008fa8       0xc2 ./Drivers/STM32F4xx_HAL_Driver/Src/stm32f4xx_ll_usb.o
                0x08008fa8                USB_CoreInit
 .text.USB_DisableGlobalInt
                0x0800906a       0x22 ./Drivers/STM32F4xx_HAL_Driver/Src/stm32f4xx_ll_usb.o
                0x0800906a                USB_DisableGlobalInt
 .text.USB_SetCurrentMode
                0x0800908c       0x98 ./Drivers/STM32F4xx_HAL_Driver/Src/stm32f4xx_ll_usb.o
                0x0800908c                USB_SetCurrentMode
 .text.USB_DevInit
                0x08009124      0x2bc ./Drivers/STM32F4xx_HAL_Driver/Src/stm32f4xx_ll_usb.o
                0x08009124                USB_DevInit
 .text.USB_FlushTxFifo
                0x080093e0       0x68 ./Drivers/STM32F4xx_HAL_Driver/Src/stm32f4xx_ll_usb.o
                0x080093e0                USB_FlushTxFifo
 .text.USB_FlushRxFifo
                0x08009448       0x60 ./Drivers/STM32F4xx_HAL_Driver/Src/stm32f4xx_ll_usb.o
                0x08009448                USB_FlushRxFifo
 .text.USB_SetDevSpeed
                0x080094a8       0x32 ./Drivers/STM32F4xx_HAL_Driver/Src/stm32f4xx_ll_usb.o
                0x080094a8                USB_SetDevSpeed
 .text.USB_DevDisconnect
                0x080094da       0x42 ./Drivers/STM32F4xx_HAL_Driver/Src/stm32f4xx_ll_usb.o
                0x080094da                USB_DevDisconnect
 .text.USB_GetMode
                0x0800951c       0x1c ./Drivers/STM32F4xx_HAL_Driver/Src/stm32f4xx_ll_usb.o
                0x0800951c                USB_GetMode
 .text.USB_CoreReset
                0x08009538       0x68 ./Drivers/STM32F4xx_HAL_Driver/Src/stm32f4xx_ll_usb.o
 .text.__cvt    0x080095a0       0xca /Applications/STM32CubeIDE.app/Contents/Eclipse/plugins/com.st.stm32cube.ide.mcu.externaltools.gnu-tools-for-stm32.12.3.rel1.macos64_1.1.0.202410301201/tools/bin/../lib/gcc/arm-none-eabi/12.3.1/../../../../arm-none-eabi/lib/thumb/v7e-m+fp/hard/libc_nano.a(libc_a-nano-vfprintf_float.o)
                0x080095a0                __cvt
 .text.__exponent
                0x0800966a       0x74 /Applications/STM32CubeIDE.app/Contents/Eclipse/plugins/com.st.stm32cube.ide.mcu.externaltools.gnu-tools-for-stm32.12.3.rel1.macos64_1.1.0.202410301201/tools/bin/../lib/gcc/arm-none-eabi/12.3.1/../../../../arm-none-eabi/lib/thumb/v7e-m+fp/hard/libc_nano.a(libc_a-nano-vfprintf_float.o)
                0x0800966a                __exponent
 *fill*         0x080096de        0x2 
 .text._printf_float
                0x080096e0      0x454 /Applications/STM32CubeIDE.app/Contents/Eclipse/plugins/com.st.stm32cube.ide.mcu.externaltools.gnu-tools-for-stm32.12.3.rel1.macos64_1.1.0.202410301201/tools/bin/../lib/gcc/arm-none-eabi/12.3.1/../../../../arm-none-eabi/lib/thumb/v7e-m+fp/hard/libc_nano.a(libc_a-nano-vfprintf_float.o)
                0x080096e0                _printf_float
 .text._printf_common
                0x08009b34       0xda /Applications/STM32CubeIDE.app/Contents/Eclipse/plugins/com.st.stm32cube.ide.mcu.externaltools.gnu-tools-for-stm32.12.3.rel1.macos64_1.1.0.202410301201/tools/bin/../lib/gcc/arm-none-eabi/12.3.1/../../../../arm-none-eabi/lib/thumb/v7e-m+fp/hard/libc_nano.a(libc_a-nano-vfprintf_i.o)
                0x08009b34                _printf_common
 *fill*         0x08009c0e        0x2 
 .text._printf_i
                0x08009c10      0x240 /Applications/STM32CubeIDE.app/Contents/Eclipse/plugins/com.st.stm32cube.ide.mcu.externaltools.gnu-tools-for-stm32.12.3.rel1.macos64_1.1.0.202410301201/tools/bin/../lib/gcc/arm-none-eabi/12.3.1/../../../../arm-none-eabi/lib/thumb/v7e-m+fp/hard/libc_nano.a(libc_a-nano-vfprintf_i.o)
                0x08009c10                _printf_i
 .text.sprintf  0x08009e50       0x40 /Applications/STM32CubeIDE.app/Contents/Eclipse/plugins/com.st.stm32cube.ide.mcu.externaltools.gnu-tools-for-stm32.12.3.rel1.macos64_1.1.0.202410301201/tools/bin/../lib/gcc/arm-none-eabi/12.3.1/../../../../arm-none-eabi/lib/thumb/v7e-m+fp/hard/libc_nano.a(libc_a-sprintf.o)
                0x08009e50                sprintf
                0x08009e50                siprintf
 .text.std      0x08009e90       0x6c /Applications/STM32CubeIDE.app/Contents/Eclipse/plugins/com.st.stm32cube.ide.mcu.externaltools.gnu-tools-for-stm32.12.3.rel1.macos64_1.1.0.202410301201/tools/bin/../lib/gcc/arm-none-eabi/12.3.1/../../../../arm-none-eabi/lib/thumb/v7e-m+fp/hard/libc_nano.a(libc_a-findfp.o)
 .text.stdio_exit_handler
                0x08009efc       0x18 /Applications/STM32CubeIDE.app/Contents/Eclipse/plugins/com.st.stm32cube.ide.mcu.externaltools.gnu-tools-for-stm32.12.3.rel1.macos64_1.1.0.202410301201/tools/bin/../lib/gcc/arm-none-eabi/12.3.1/../../../../arm-none-eabi/lib/thumb/v7e-m+fp/hard/libc_nano.a(libc_a-findfp.o)
 .text.cleanup_stdio
                0x08009f14       0x40 /Applications/STM32CubeIDE.app/Contents/Eclipse/plugins/com.st.stm32cube.ide.mcu.externaltools.gnu-tools-for-stm32.12.3.rel1.macos64_1.1.0.202410301201/tools/bin/../lib/gcc/arm-none-eabi/12.3.1/../../../../arm-none-eabi/lib/thumb/v7e-m+fp/hard/libc_nano.a(libc_a-findfp.o)
 .text.global_stdio_init.part.0
                0x08009f54       0x3c /Applications/STM32CubeIDE.app/Contents/Eclipse/plugins/com.st.stm32cube.ide.mcu.externaltools.gnu-tools-for-stm32.12.3.rel1.macos64_1.1.0.202410301201/tools/bin/../lib/gcc/arm-none-eabi/12.3.1/../../../../arm-none-eabi/lib/thumb/v7e-m+fp/hard/libc_nano.a(libc_a-findfp.o)
 .text.__sfp_lock_acquire
                0x08009f90        0xc /Applications/STM32CubeIDE.app/Contents/Eclipse/plugins/com.st.stm32cube.ide.mcu.externaltools.gnu-tools-for-stm32.12.3.rel1.macos64_1.1.0.202410301201/tools/bin/../lib/gcc/arm-none-eabi/12.3.1/../../../../arm-none-eabi/lib/thumb/v7e-m+fp/hard/libc_nano.a(libc_a-findfp.o)
                0x08009f90                __sfp_lock_acquire
 .text.__sfp_lock_release
                0x08009f9c        0xc /Applications/STM32CubeIDE.app/Contents/Eclipse/plugins/com.st.stm32cube.ide.mcu.externaltools.gnu-tools-for-stm32.12.3.rel1.macos64_1.1.0.202410301201/tools/bin/../lib/gcc/arm-none-eabi/12.3.1/../../../../arm-none-eabi/lib/thumb/v7e-m+fp/hard/libc_nano.a(libc_a-findfp.o)
                0x08009f9c                __sfp_lock_release
 .text.__sinit  0x08009fa8       0x30 /Applications/STM32CubeIDE.app/Contents/Eclipse/plugins/com.st.stm32cube.ide.mcu.externaltools.gnu-tools-for-stm32.12.3.rel1.macos64_1.1.0.202410301201/tools/bin/../lib/gcc/arm-none-eabi/12.3.1/../../../../arm-none-eabi/lib/thumb/v7e-m+fp/hard/libc_nano.a(libc_a-findfp.o)
                0x08009fa8                __sinit
 .text._fwalk_sglue
                0x08009fd8       0x3c /Applications/STM32CubeIDE.app/Contents/Eclipse/plugins/com.st.stm32cube.ide.mcu.externaltools.gnu-tools-for-stm32.12.3.rel1.macos64_1.1.0.202410301201/tools/bin/../lib/gcc/arm-none-eabi/12.3.1/../../../../arm-none-eabi/lib/thumb/v7e-m+fp/hard/libc_nano.a(libc_a-fwalk.o)
                0x08009fd8                _fwalk_sglue
 .text.memset   0x0800a014       0x10 /Applications/STM32CubeIDE.app/Contents/Eclipse/plugins/com.st.stm32cube.ide.mcu.externaltools.gnu-tools-for-stm32.12.3.rel1.macos64_1.1.0.202410301201/tools/bin/../lib/gcc/arm-none-eabi/12.3.1/../../../../arm-none-eabi/lib/thumb/v7e-m+fp/hard/libc_nano.a(libc_a-memset.o)
                0x0800a014                memset
 .text._localeconv_r
                0x0800a024        0x8 /Applications/STM32CubeIDE.app/Contents/Eclipse/plugins/com.st.stm32cube.ide.mcu.externaltools.gnu-tools-for-stm32.12.3.rel1.macos64_1.1.0.202410301201/tools/bin/../lib/gcc/arm-none-eabi/12.3.1/../../../../arm-none-eabi/lib/thumb/v7e-m+fp/hard/libc_nano.a(libc_a-localeconv.o)
                0x0800a024                _localeconv_r
 .text.__libc_init_array
                0x0800a02c       0x48 /Applications/STM32CubeIDE.app/Contents/Eclipse/plugins/com.st.stm32cube.ide.mcu.externaltools.gnu-tools-for-stm32.12.3.rel1.macos64_1.1.0.202410301201/tools/bin/../lib/gcc/arm-none-eabi/12.3.1/../../../../arm-none-eabi/lib/thumb/v7e-m+fp/hard/libc_nano.a(libc_a-init.o)
                0x0800a02c                __libc_init_array
 .text.__retarget_lock_init_recursive
                0x0800a074        0x2 /Applications/STM32CubeIDE.app/Contents/Eclipse/plugins/com.st.stm32cube.ide.mcu.externaltools.gnu-tools-for-stm32.12.3.rel1.macos64_1.1.0.202410301201/tools/bin/../lib/gcc/arm-none-eabi/12.3.1/../../../../arm-none-eabi/lib/thumb/v7e-m+fp/hard/libc_nano.a(libc_a-lock.o)
                0x0800a074                __retarget_lock_init_recursive
 .text.__retarget_lock_acquire_recursive
                0x0800a076        0x2 /Applications/STM32CubeIDE.app/Contents/Eclipse/plugins/com.st.stm32cube.ide.mcu.externaltools.gnu-tools-for-stm32.12.3.rel1.macos64_1.1.0.202410301201/tools/bin/../lib/gcc/arm-none-eabi/12.3.1/../../../../arm-none-eabi/lib/thumb/v7e-m+fp/hard/libc_nano.a(libc_a-lock.o)
                0x0800a076                __retarget_lock_acquire_recursive
 .text.__retarget_lock_release_recursive
                0x0800a078        0x2 /Applications/STM32CubeIDE.app/Contents/Eclipse/plugins/com.st.stm32cube.ide.mcu.externaltools.gnu-tools-for-stm32.12.3.rel1.macos64_1.1.0.202410301201/tools/bin/../lib/gcc/arm-none-eabi/12.3.1/../../../../arm-none-eabi/lib/thumb/v7e-m+fp/hard/libc_nano.a(libc_a-lock.o)
                0x0800a078                __retarget_lock_release_recursive
 .text.quorem   0x0800a07a      0x110 /Applications/STM32CubeIDE.app/Contents/Eclipse/plugins/com.st.stm32cube.ide.mcu.externaltools.gnu-tools-for-stm32.12.3.rel1.macos64_1.1.0.202410301201/tools/bin/../lib/gcc/arm-none-eabi/12.3.1/../../../../arm-none-eabi/lib/thumb/v7e-m+fp/hard/libc_nano.a(libc_a-dtoa.o)
 *fill*         0x0800a18a        0x6 
 .text._dtoa_r  0x0800a190      0xb88 /Applications/STM32CubeIDE.app/Contents/Eclipse/plugins/com.st.stm32cube.ide.mcu.externaltools.gnu-tools-for-stm32.12.3.rel1.macos64_1.1.0.202410301201/tools/bin/../lib/gcc/arm-none-eabi/12.3.1/../../../../arm-none-eabi/lib/thumb/v7e-m+fp/hard/libc_nano.a(libc_a-dtoa.o)
                0x0800a190                _dtoa_r
 .text.__ssputs_r
                0x0800ad18       0xb6 /Applications/STM32CubeIDE.app/Contents/Eclipse/plugins/com.st.stm32cube.ide.mcu.externaltools.gnu-tools-for-stm32.12.3.rel1.macos64_1.1.0.202410301201/tools/bin/../lib/gcc/arm-none-eabi/12.3.1/../../../../arm-none-eabi/lib/thumb/v7e-m+fp/hard/libc_nano.a(libc_a-nano-svfprintf.o)
                0x0800ad18                __ssputs_r
 *fill*         0x0800adce        0x2 
 .text._svfprintf_r
                0x0800add0      0x1f8 /Applications/STM32CubeIDE.app/Contents/Eclipse/plugins/com.st.stm32cube.ide.mcu.externaltools.gnu-tools-for-stm32.12.3.rel1.macos64_1.1.0.202410301201/tools/bin/../lib/gcc/arm-none-eabi/12.3.1/../../../../arm-none-eabi/lib/thumb/v7e-m+fp/hard/libc_nano.a(libc_a-nano-svfprintf.o)
                0x0800add0                _svfprintf_r
                0x0800add0                _svfiprintf_r
 .text.malloc   0x0800afc8       0x10 /Applications/STM32CubeIDE.app/Contents/Eclipse/plugins/com.st.stm32cube.ide.mcu.externaltools.gnu-tools-for-stm32.12.3.rel1.macos64_1.1.0.202410301201/tools/bin/../lib/gcc/arm-none-eabi/12.3.1/../../../../arm-none-eabi/lib/thumb/v7e-m+fp/hard/libc_nano.a(libc_a-malloc.o)
                0x0800afc8                malloc
 .text.sbrk_aligned
                0x0800afd8       0x44 /Applications/STM32CubeIDE.app/Contents/Eclipse/plugins/com.st.stm32cube.ide.mcu.externaltools.gnu-tools-for-stm32.12.3.rel1.macos64_1.1.0.202410301201/tools/bin/../lib/gcc/arm-none-eabi/12.3.1/../../../../arm-none-eabi/lib/thumb/v7e-m+fp/hard/libc_nano.a(libc_a-mallocr.o)
 .text._malloc_r
                0x0800b01c      0x100 /Applications/STM32CubeIDE.app/Contents/Eclipse/plugins/com.st.stm32cube.ide.mcu.externaltools.gnu-tools-for-stm32.12.3.rel1.macos64_1.1.0.202410301201/tools/bin/../lib/gcc/arm-none-eabi/12.3.1/../../../../arm-none-eabi/lib/thumb/v7e-m+fp/hard/libc_nano.a(libc_a-mallocr.o)
                0x0800b01c                _malloc_r
 .text.__sflush_r
                0x0800b11c      0x108 /Applications/STM32CubeIDE.app/Contents/Eclipse/plugins/com.st.stm32cube.ide.mcu.externaltools.gnu-tools-for-stm32.12.3.rel1.macos64_1.1.0.202410301201/tools/bin/../lib/gcc/arm-none-eabi/12.3.1/../../../../arm-none-eabi/lib/thumb/v7e-m+fp/hard/libc_nano.a(libc_a-fflush.o)
                0x0800b11c                __sflush_r
 .text._fflush_r
                0x0800b224       0x50 /Applications/STM32CubeIDE.app/Contents/Eclipse/plugins/com.st.stm32cube.ide.mcu.externaltools.gnu-tools-for-stm32.12.3.rel1.macos64_1.1.0.202410301201/tools/bin/../lib/gcc/arm-none-eabi/12.3.1/../../../../arm-none-eabi/lib/thumb/v7e-m+fp/hard/libc_nano.a(libc_a-fflush.o)
                0x0800b224                _fflush_r
 .text.__malloc_lock
                0x0800b274        0xc /Applications/STM32CubeIDE.app/Contents/Eclipse/plugins/com.st.stm32cube.ide.mcu.externaltools.gnu-tools-for-stm32.12.3.rel1.macos64_1.1.0.202410301201/tools/bin/../lib/gcc/arm-none-eabi/12.3.1/../../../../arm-none-eabi/lib/thumb/v7e-m+fp/hard/libc_nano.a(libc_a-mlock.o)
                0x0800b274                __malloc_lock
 .text.__malloc_unlock
                0x0800b280        0xc /Applications/STM32CubeIDE.app/Contents/Eclipse/plugins/com.st.stm32cube.ide.mcu.externaltools.gnu-tools-for-stm32.12.3.rel1.macos64_1.1.0.202410301201/tools/bin/../lib/gcc/arm-none-eabi/12.3.1/../../../../arm-none-eabi/lib/thumb/v7e-m+fp/hard/libc_nano.a(libc_a-mlock.o)
                0x0800b280                __malloc_unlock
 .text._Balloc  0x0800b28c       0x80 /Applications/STM32CubeIDE.app/Contents/Eclipse/plugins/com.st.stm32cube.ide.mcu.externaltools.gnu-tools-for-stm32.12.3.rel1.macos64_1.1.0.202410301201/tools/bin/../lib/gcc/arm-none-eabi/12.3.1/../../../../arm-none-eabi/lib/thumb/v7e-m+fp/hard/libc_nano.a(libc_a-mprec.o)
                0x0800b28c                _Balloc
 .text._Bfree   0x0800b30c       0x44 /Applications/STM32CubeIDE.app/Contents/Eclipse/plugins/com.st.stm32cube.ide.mcu.externaltools.gnu-tools-for-stm32.12.3.rel1.macos64_1.1.0.202410301201/tools/bin/../lib/gcc/arm-none-eabi/12.3.1/../../../../arm-none-eabi/lib/thumb/v7e-m+fp/hard/libc_nano.a(libc_a-mprec.o)
                0x0800b30c                _Bfree
 .text.__multadd
                0x0800b350       0x8c /Applications/STM32CubeIDE.app/Contents/Eclipse/plugins/com.st.stm32cube.ide.mcu.externaltools.gnu-tools-for-stm32.12.3.rel1.macos64_1.1.0.202410301201/tools/bin/../lib/gcc/arm-none-eabi/12.3.1/../../../../arm-none-eabi/lib/thumb/v7e-m+fp/hard/libc_nano.a(libc_a-mprec.o)
                0x0800b350                __multadd
 .text.__hi0bits
                0x0800b3dc       0x3e /Applications/STM32CubeIDE.app/Contents/Eclipse/plugins/com.st.stm32cube.ide.mcu.externaltools.gnu-tools-for-stm32.12.3.rel1.macos64_1.1.0.202410301201/tools/bin/../lib/gcc/arm-none-eabi/12.3.1/../../../../arm-none-eabi/lib/thumb/v7e-m+fp/hard/libc_nano.a(libc_a-mprec.o)
                0x0800b3dc                __hi0bits
 .text.__lo0bits
                0x0800b41a       0x5a /Applications/STM32CubeIDE.app/Contents/Eclipse/plugins/com.st.stm32cube.ide.mcu.externaltools.gnu-tools-for-stm32.12.3.rel1.macos64_1.1.0.202410301201/tools/bin/../lib/gcc/arm-none-eabi/12.3.1/../../../../arm-none-eabi/lib/thumb/v7e-m+fp/hard/libc_nano.a(libc_a-mprec.o)
                0x0800b41a                __lo0bits
 .text.__i2b    0x0800b474       0x2c /Applications/STM32CubeIDE.app/Contents/Eclipse/plugins/com.st.stm32cube.ide.mcu.externaltools.gnu-tools-for-stm32.12.3.rel1.macos64_1.1.0.202410301201/tools/bin/../lib/gcc/arm-none-eabi/12.3.1/../../../../arm-none-eabi/lib/thumb/v7e-m+fp/hard/libc_nano.a(libc_a-mprec.o)
                0x0800b474                __i2b
 .text.__multiply
                0x0800b4a0      0x154 /Applications/STM32CubeIDE.app/Contents/Eclipse/plugins/com.st.stm32cube.ide.mcu.externaltools.gnu-tools-for-stm32.12.3.rel1.macos64_1.1.0.202410301201/tools/bin/../lib/gcc/arm-none-eabi/12.3.1/../../../../arm-none-eabi/lib/thumb/v7e-m+fp/hard/libc_nano.a(libc_a-mprec.o)
                0x0800b4a0                __multiply
 .text.__pow5mult
                0x0800b5f4       0xb4 /Applications/STM32CubeIDE.app/Contents/Eclipse/plugins/com.st.stm32cube.ide.mcu.externaltools.gnu-tools-for-stm32.12.3.rel1.macos64_1.1.0.202410301201/tools/bin/../lib/gcc/arm-none-eabi/12.3.1/../../../../arm-none-eabi/lib/thumb/v7e-m+fp/hard/libc_nano.a(libc_a-mprec.o)
                0x0800b5f4                __pow5mult
 .text.__lshift
                0x0800b6a8       0xd8 /Applications/STM32CubeIDE.app/Contents/Eclipse/plugins/com.st.stm32cube.ide.mcu.externaltools.gnu-tools-for-stm32.12.3.rel1.macos64_1.1.0.202410301201/tools/bin/../lib/gcc/arm-none-eabi/12.3.1/../../../../arm-none-eabi/lib/thumb/v7e-m+fp/hard/libc_nano.a(libc_a-mprec.o)
                0x0800b6a8                __lshift
 .text.__mcmp   0x0800b780       0x36 /Applications/STM32CubeIDE.app/Contents/Eclipse/plugins/com.st.stm32cube.ide.mcu.externaltools.gnu-tools-for-stm32.12.3.rel1.macos64_1.1.0.202410301201/tools/bin/../lib/gcc/arm-none-eabi/12.3.1/../../../../arm-none-eabi/lib/thumb/v7e-m+fp/hard/libc_nano.a(libc_a-mprec.o)
                0x0800b780                __mcmp
 *fill*         0x0800b7b6        0x2 
 .text.__mdiff  0x0800b7b8      0x128 /Applications/STM32CubeIDE.app/Contents/Eclipse/plugins/com.st.stm32cube.ide.mcu.externaltools.gnu-tools-for-stm32.12.3.rel1.macos64_1.1.0.202410301201/tools/bin/../lib/gcc/arm-none-eabi/12.3.1/../../../../arm-none-eabi/lib/thumb/v7e-m+fp/hard/libc_nano.a(libc_a-mprec.o)
                0x0800b7b8                __mdiff
 .text.__d2b    0x0800b8e0       0xb0 /Applications/STM32CubeIDE.app/Contents/Eclipse/plugins/com.st.stm32cube.ide.mcu.externaltools.gnu-tools-for-stm32.12.3.rel1.macos64_1.1.0.202410301201/tools/bin/../lib/gcc/arm-none-eabi/12.3.1/../../../../arm-none-eabi/lib/thumb/v7e-m+fp/hard/libc_nano.a(libc_a-mprec.o)
                0x0800b8e0                __d2b
 .text.__sread  0x0800b990       0x22 /Applications/STM32CubeIDE.app/Contents/Eclipse/plugins/com.st.stm32cube.ide.mcu.externaltools.gnu-tools-for-stm32.12.3.rel1.macos64_1.1.0.202410301201/tools/bin/../lib/gcc/arm-none-eabi/12.3.1/../../../../arm-none-eabi/lib/thumb/v7e-m+fp/hard/libc_nano.a(libc_a-stdio.o)
                0x0800b990                __sread
 .text.__swrite
                0x0800b9b2       0x38 /Applications/STM32CubeIDE.app/Contents/Eclipse/plugins/com.st.stm32cube.ide.mcu.externaltools.gnu-tools-for-stm32.12.3.rel1.macos64_1.1.0.202410301201/tools/bin/../lib/gcc/arm-none-eabi/12.3.1/../../../../arm-none-eabi/lib/thumb/v7e-m+fp/hard/libc_nano.a(libc_a-stdio.o)
                0x0800b9b2                __swrite
 .text.__sseek  0x0800b9ea       0x24 /Applications/STM32CubeIDE.app/Contents/Eclipse/plugins/com.st.stm32cube.ide.mcu.externaltools.gnu-tools-for-stm32.12.3.rel1.macos64_1.1.0.202410301201/tools/bin/../lib/gcc/arm-none-eabi/12.3.1/../../../../arm-none-eabi/lib/thumb/v7e-m+fp/hard/libc_nano.a(libc_a-stdio.o)
                0x0800b9ea                __sseek
 .text.__sclose
                0x0800ba0e        0x8 /Applications/STM32CubeIDE.app/Contents/Eclipse/plugins/com.st.stm32cube.ide.mcu.externaltools.gnu-tools-for-stm32.12.3.rel1.macos64_1.1.0.202410301201/tools/bin/../lib/gcc/arm-none-eabi/12.3.1/../../../../arm-none-eabi/lib/thumb/v7e-m+fp/hard/libc_nano.a(libc_a-stdio.o)
                0x0800ba0e                __sclose
 .text._realloc_r
                0x0800ba16       0x5c /Applications/STM32CubeIDE.app/Contents/Eclipse/plugins/com.st.stm32cube.ide.mcu.externaltools.gnu-tools-for-stm32.12.3.rel1.macos64_1.1.0.202410301201/tools/bin/../lib/gcc/arm-none-eabi/12.3.1/../../../../arm-none-eabi/lib/thumb/v7e-m+fp/hard/libc_nano.a(libc_a-reallocr.o)
                0x0800ba16                _realloc_r
 .text.memmove  0x0800ba72       0x34 /Applications/STM32CubeIDE.app/Contents/Eclipse/plugins/com.st.stm32cube.ide.mcu.externaltools.gnu-tools-for-stm32.12.3.rel1.macos64_1.1.0.202410301201/tools/bin/../lib/gcc/arm-none-eabi/12.3.1/../../../../arm-none-eabi/lib/thumb/v7e-m+fp/hard/libc_nano.a(libc_a-memmove.o)
                0x0800ba72                memmove
 *fill*         0x0800baa6        0x2 
 .text._close_r
                0x0800baa8       0x20 /Applications/STM32CubeIDE.app/Contents/Eclipse/plugins/com.st.stm32cube.ide.mcu.externaltools.gnu-tools-for-stm32.12.3.rel1.macos64_1.1.0.202410301201/tools/bin/../lib/gcc/arm-none-eabi/12.3.1/../../../../arm-none-eabi/lib/thumb/v7e-m+fp/hard/libc_nano.a(libc_a-closer.o)
                0x0800baa8                _close_r
 .text._lseek_r
                0x0800bac8       0x24 /Applications/STM32CubeIDE.app/Contents/Eclipse/plugins/com.st.stm32cube.ide.mcu.externaltools.gnu-tools-for-stm32.12.3.rel1.macos64_1.1.0.202410301201/tools/bin/../lib/gcc/arm-none-eabi/12.3.1/../../../../arm-none-eabi/lib/thumb/v7e-m+fp/hard/libc_nano.a(libc_a-lseekr.o)
                0x0800bac8                _lseek_r
 .text._read_r  0x0800baec       0x24 /Applications/STM32CubeIDE.app/Contents/Eclipse/plugins/com.st.stm32cube.ide.mcu.externaltools.gnu-tools-for-stm32.12.3.rel1.macos64_1.1.0.202410301201/tools/bin/../lib/gcc/arm-none-eabi/12.3.1/../../../../arm-none-eabi/lib/thumb/v7e-m+fp/hard/libc_nano.a(libc_a-readr.o)
                0x0800baec                _read_r
 .text._sbrk_r  0x0800bb10       0x20 /Applications/STM32CubeIDE.app/Contents/Eclipse/plugins/com.st.stm32cube.ide.mcu.externaltools.gnu-tools-for-stm32.12.3.rel1.macos64_1.1.0.202410301201/tools/bin/../lib/gcc/arm-none-eabi/12.3.1/../../../../arm-none-eabi/lib/thumb/v7e-m+fp/hard/libc_nano.a(libc_a-sbrkr.o)
                0x0800bb10                _sbrk_r
 .text._write_r
                0x0800bb30       0x24 /Applications/STM32CubeIDE.app/Contents/Eclipse/plugins/com.st.stm32cube.ide.mcu.externaltools.gnu-tools-for-stm32.12.3.rel1.macos64_1.1.0.202410301201/tools/bin/../lib/gcc/arm-none-eabi/12.3.1/../../../../arm-none-eabi/lib/thumb/v7e-m+fp/hard/libc_nano.a(libc_a-writer.o)
                0x0800bb30                _write_r
 .text.memcpy   0x0800bb54       0x1c /Applications/STM32CubeIDE.app/Contents/Eclipse/plugins/com.st.stm32cube.ide.mcu.externaltools.gnu-tools-for-stm32.12.3.rel1.macos64_1.1.0.202410301201/tools/bin/../lib/gcc/arm-none-eabi/12.3.1/../../../../arm-none-eabi/lib/thumb/v7e-m+fp/hard/libc_nano.a(libc_a-memcpy-stub.o)
                0x0800bb54                memcpy
 .text.__assert_func
                0x0800bb70       0x3c /Applications/STM32CubeIDE.app/Contents/Eclipse/plugins/com.st.stm32cube.ide.mcu.externaltools.gnu-tools-for-stm32.12.3.rel1.macos64_1.1.0.202410301201/tools/bin/../lib/gcc/arm-none-eabi/12.3.1/../../../../arm-none-eabi/lib/thumb/v7e-m+fp/hard/libc_nano.a(libc_a-assert.o)
                0x0800bb70                __assert_func
 .text._calloc_r
                0x0800bbac       0x28 /Applications/STM32CubeIDE.app/Contents/Eclipse/plugins/com.st.stm32cube.ide.mcu.externaltools.gnu-tools-for-stm32.12.3.rel1.macos64_1.1.0.202410301201/tools/bin/../lib/gcc/arm-none-eabi/12.3.1/../../../../arm-none-eabi/lib/thumb/v7e-m+fp/hard/libc_nano.a(libc_a-callocr.o)
                0x0800bbac                _calloc_r
 .text._free_r  0x0800bbd4       0x94 /Applications/STM32CubeIDE.app/Contents/Eclipse/plugins/com.st.stm32cube.ide.mcu.externaltools.gnu-tools-for-stm32.12.3.rel1.macos64_1.1.0.202410301201/tools/bin/../lib/gcc/arm-none-eabi/12.3.1/../../../../arm-none-eabi/lib/thumb/v7e-m+fp/hard/libc_nano.a(libc_a-freer.o)
                0x0800bbd4                _free_r
 .text.__ascii_mbtowc
                0x0800bc68       0x24 /Applications/STM32CubeIDE.app/Contents/Eclipse/plugins/com.st.stm32cube.ide.mcu.externaltools.gnu-tools-for-stm32.12.3.rel1.macos64_1.1.0.202410301201/tools/bin/../lib/gcc/arm-none-eabi/12.3.1/../../../../arm-none-eabi/lib/thumb/v7e-m+fp/hard/libc_nano.a(libc_a-mbtowc_r.o)
                0x0800bc68                __ascii_mbtowc
 .text._malloc_usable_size_r
                0x0800bc8c       0x10 /Applications/STM32CubeIDE.app/Contents/Eclipse/plugins/com.st.stm32cube.ide.mcu.externaltools.gnu-tools-for-stm32.12.3.rel1.macos64_1.1.0.202410301201/tools/bin/../lib/gcc/arm-none-eabi/12.3.1/../../../../arm-none-eabi/lib/thumb/v7e-m+fp/hard/libc_nano.a(libc_a-msizer.o)
                0x0800bc8c                _malloc_usable_size_r
 .text.fprintf  0x0800bc9c       0x24 /Applications/STM32CubeIDE.app/Contents/Eclipse/plugins/com.st.stm32cube.ide.mcu.externaltools.gnu-tools-for-stm32.12.3.rel1.macos64_1.1.0.202410301201/tools/bin/../lib/gcc/arm-none-eabi/12.3.1/../../../../arm-none-eabi/lib/thumb/v7e-m+fp/hard/libc_nano.a(libc_a-fprintf.o)
                0x0800bc9c                fprintf
                0x0800bc9c                fiprintf
 .text.__ascii_wctomb
                0x0800bcc0       0x1a /Applications/STM32CubeIDE.app/Contents/Eclipse/plugins/com.st.stm32cube.ide.mcu.externaltools.gnu-tools-for-stm32.12.3.rel1.macos64_1.1.0.202410301201/tools/bin/../lib/gcc/arm-none-eabi/12.3.1/../../../../arm-none-eabi/lib/thumb/v7e-m+fp/hard/libc_nano.a(libc_a-wctomb_r.o)
                0x0800bcc0                __ascii_wctomb
 .text.abort    0x0800bcda        0xe /Applications/STM32CubeIDE.app/Contents/Eclipse/plugins/com.st.stm32cube.ide.mcu.externaltools.gnu-tools-for-stm32.12.3.rel1.macos64_1.1.0.202410301201/tools/bin/../lib/gcc/arm-none-eabi/12.3.1/../../../../arm-none-eabi/lib/thumb/v7e-m+fp/hard/libc_nano.a(libc_a-abort.o)
                0x0800bcda                abort
 .text.__sfputc_r
                0x0800bce8       0x2e /Applications/STM32CubeIDE.app/Contents/Eclipse/plugins/com.st.stm32cube.ide.mcu.externaltools.gnu-tools-for-stm32.12.3.rel1.macos64_1.1.0.202410301201/tools/bin/../lib/gcc/arm-none-eabi/12.3.1/../../../../arm-none-eabi/lib/thumb/v7e-m+fp/hard/libc_nano.a(libc_a-nano-vfprintf.o)
 .text.__sfputs_r
                0x0800bd16       0x24 /Applications/STM32CubeIDE.app/Contents/Eclipse/plugins/com.st.stm32cube.ide.mcu.externaltools.gnu-tools-for-stm32.12.3.rel1.macos64_1.1.0.202410301201/tools/bin/../lib/gcc/arm-none-eabi/12.3.1/../../../../arm-none-eabi/lib/thumb/v7e-m+fp/hard/libc_nano.a(libc_a-nano-vfprintf.o)
                0x0800bd16                __sfputs_r
 *fill*         0x0800bd3a        0x2 
 .text._vfprintf_r
                0x0800bd3c      0x230 /Applications/STM32CubeIDE.app/Contents/Eclipse/plugins/com.st.stm32cube.ide.mcu.externaltools.gnu-tools-for-stm32.12.3.rel1.macos64_1.1.0.202410301201/tools/bin/../lib/gcc/arm-none-eabi/12.3.1/../../../../arm-none-eabi/lib/thumb/v7e-m+fp/hard/libc_nano.a(libc_a-nano-vfprintf.o)
                0x0800bd3c                _vfiprintf_r
                0x0800bd3c                _vfprintf_r
 .text.__swbuf_r
                0x0800bf6c       0x7c /Applications/STM32CubeIDE.app/Contents/Eclipse/plugins/com.st.stm32cube.ide.mcu.externaltools.gnu-tools-for-stm32.12.3.rel1.macos64_1.1.0.202410301201/tools/bin/../lib/gcc/arm-none-eabi/12.3.1/../../../../arm-none-eabi/lib/thumb/v7e-m+fp/hard/libc_nano.a(libc_a-wbuf.o)
                0x0800bf6c                __swbuf_r
 .text.__swsetup_r
                0x0800bfe8       0xac /Applications/STM32CubeIDE.app/Contents/Eclipse/plugins/com.st.stm32cube.ide.mcu.externaltools.gnu-tools-for-stm32.12.3.rel1.macos64_1.1.0.202410301201/tools/bin/../lib/gcc/arm-none-eabi/12.3.1/../../../../arm-none-eabi/lib/thumb/v7e-m+fp/hard/libc_nano.a(libc_a-wsetup.o)
                0x0800bfe8                __swsetup_r
 .text.__swhatbuf_r
                0x0800c094       0x4c /Applications/STM32CubeIDE.app/Contents/Eclipse/plugins/com.st.stm32cube.ide.mcu.externaltools.gnu-tools-for-stm32.12.3.rel1.macos64_1.1.0.202410301201/tools/bin/../lib/gcc/arm-none-eabi/12.3.1/../../../../arm-none-eabi/lib/thumb/v7e-m+fp/hard/libc_nano.a(libc_a-makebuf.o)
                0x0800c094                __swhatbuf_r
 .text.__smakebuf_r
                0x0800c0e0       0x78 /Applications/STM32CubeIDE.app/Contents/Eclipse/plugins/com.st.stm32cube.ide.mcu.externaltools.gnu-tools-for-stm32.12.3.rel1.macos64_1.1.0.202410301201/tools/bin/../lib/gcc/arm-none-eabi/12.3.1/../../../../arm-none-eabi/lib/thumb/v7e-m+fp/hard/libc_nano.a(libc_a-makebuf.o)
                0x0800c0e0                __smakebuf_r
 .text._fstat_r
                0x0800c158       0x24 /Applications/STM32CubeIDE.app/Contents/Eclipse/plugins/com.st.stm32cube.ide.mcu.externaltools.gnu-tools-for-stm32.12.3.rel1.macos64_1.1.0.202410301201/tools/bin/../lib/gcc/arm-none-eabi/12.3.1/../../../../arm-none-eabi/lib/thumb/v7e-m+fp/hard/libc_nano.a(libc_a-fstatr.o)
                0x0800c158                _fstat_r
 .text._isatty_r
                0x0800c17c       0x20 /Applications/STM32CubeIDE.app/Contents/Eclipse/plugins/com.st.stm32cube.ide.mcu.externaltools.gnu-tools-for-stm32.12.3.rel1.macos64_1.1.0.202410301201/tools/bin/../lib/gcc/arm-none-eabi/12.3.1/../../../../arm-none-eabi/lib/thumb/v7e-m+fp/hard/libc_nano.a(libc_a-isattyr.o)
                0x0800c17c                _isatty_r
 .text._raise_r
                0x0800c19c       0x50 /Applications/STM32CubeIDE.app/Contents/Eclipse/plugins/com.st.stm32cube.ide.mcu.externaltools.gnu-tools-for-stm32.12.3.rel1.macos64_1.1.0.202410301201/tools/bin/../lib/gcc/arm-none-eabi/12.3.1/../../../../arm-none-eabi/lib/thumb/v7e-m+fp/hard/libc_nano.a(libc_a-signal.o)
                0x0800c19c                _raise_r
 .text.raise    0x0800c1ec       0x10 /Applications/STM32CubeIDE.app/Contents/Eclipse/plugins/com.st.stm32cube.ide.mcu.externaltools.gnu-tools-for-stm32.12.3.rel1.macos64_1.1.0.202410301201/tools/bin/../lib/gcc/arm-none-eabi/12.3.1/../../../../arm-none-eabi/lib/thumb/v7e-m+fp/hard/libc_nano.a(libc_a-signal.o)
                0x0800c1ec                raise
 .text._kill_r  0x0800c1fc       0x24 /Applications/STM32CubeIDE.app/Contents/Eclipse/plugins/com.st.stm32cube.ide.mcu.externaltools.gnu-tools-for-stm32.12.3.rel1.macos64_1.1.0.202410301201/tools/bin/../lib/gcc/arm-none-eabi/12.3.1/../../../../arm-none-eabi/lib/thumb/v7e-m+fp/hard/libc_nano.a(libc_a-signalr.o)
                0x0800c1fc                _kill_r
 .text._getpid_r
                0x0800c220        0x4 /Applications/STM32CubeIDE.app/Contents/Eclipse/plugins/com.st.stm32cube.ide.mcu.externaltools.gnu-tools-for-stm32.12.3.rel1.macos64_1.1.0.202410301201/tools/bin/../lib/gcc/arm-none-eabi/12.3.1/../../../../arm-none-eabi/lib/thumb/v7e-m+fp/hard/libc_nano.a(libc_a-signalr.o)
                0x0800c220                _getpid_r
 .text._close   0x0800c224       0x10 /Applications/STM32CubeIDE.app/Contents/Eclipse/plugins/com.st.stm32cube.ide.mcu.externaltools.gnu-tools-for-stm32.12.3.rel1.macos64_1.1.0.202410301201/tools/bin/../lib/gcc/arm-none-eabi/12.3.1/../../../../arm-none-eabi/lib/thumb/v7e-m+fp/hard/libnosys.a(close.o)
                0x0800c224                _close
 .text._fstat   0x0800c234       0x10 /Applications/STM32CubeIDE.app/Contents/Eclipse/plugins/com.st.stm32cube.ide.mcu.externaltools.gnu-tools-for-stm32.12.3.rel1.macos64_1.1.0.202410301201/tools/bin/../lib/gcc/arm-none-eabi/12.3.1/../../../../arm-none-eabi/lib/thumb/v7e-m+fp/hard/libnosys.a(fstat.o)
                0x0800c234                _fstat
 .text._getpid  0x0800c244       0x10 /Applications/STM32CubeIDE.app/Contents/Eclipse/plugins/com.st.stm32cube.ide.mcu.externaltools.gnu-tools-for-stm32.12.3.rel1.macos64_1.1.0.202410301201/tools/bin/../lib/gcc/arm-none-eabi/12.3.1/../../../../arm-none-eabi/lib/thumb/v7e-m+fp/hard/libnosys.a(getpid.o)
                0x0800c244                _getpid
 .text._isatty  0x0800c254       0x10 /Applications/STM32CubeIDE.app/Contents/Eclipse/plugins/com.st.stm32cube.ide.mcu.externaltools.gnu-tools-for-stm32.12.3.rel1.macos64_1.1.0.202410301201/tools/bin/../lib/gcc/arm-none-eabi/12.3.1/../../../../arm-none-eabi/lib/thumb/v7e-m+fp/hard/libnosys.a(isatty.o)
                0x0800c254                _isatty
 .text._kill    0x0800c264       0x10 /Applications/STM32CubeIDE.app/Contents/Eclipse/plugins/com.st.stm32cube.ide.mcu.externaltools.gnu-tools-for-stm32.12.3.rel1.macos64_1.1.0.202410301201/tools/bin/../lib/gcc/arm-none-eabi/12.3.1/../../../../arm-none-eabi/lib/thumb/v7e-m+fp/hard/libnosys.a(kill.o)
                0x0800c264                _kill
 .text._lseek   0x0800c274       0x10 /Applications/STM32CubeIDE.app/Contents/Eclipse/plugins/com.st.stm32cube.ide.mcu.externaltools.gnu-tools-for-stm32.12.3.rel1.macos64_1.1.0.202410301201/tools/bin/../lib/gcc/arm-none-eabi/12.3.1/../../../../arm-none-eabi/lib/thumb/v7e-m+fp/hard/libnosys.a(lseek.o)
                0x0800c274                _lseek
 .text._read    0x0800c284       0x10 /Applications/STM32CubeIDE.app/Contents/Eclipse/plugins/com.st.stm32cube.ide.mcu.externaltools.gnu-tools-for-stm32.12.3.rel1.macos64_1.1.0.202410301201/tools/bin/../lib/gcc/arm-none-eabi/12.3.1/../../../../arm-none-eabi/lib/thumb/v7e-m+fp/hard/libnosys.a(read.o)
                0x0800c284                _read
 .text._sbrk    0x0800c294       0x1c /Applications/STM32CubeIDE.app/Contents/Eclipse/plugins/com.st.stm32cube.ide.mcu.externaltools.gnu-tools-for-stm32.12.3.rel1.macos64_1.1.0.202410301201/tools/bin/../lib/gcc/arm-none-eabi/12.3.1/../../../../arm-none-eabi/lib/thumb/v7e-m+fp/hard/libnosys.a(sbrk.o)
                0x0800c294                _sbrk
 .text._write   0x0800c2b0       0x10 /Applications/STM32CubeIDE.app/Contents/Eclipse/plugins/com.st.stm32cube.ide.mcu.externaltools.gnu-tools-for-stm32.12.3.rel1.macos64_1.1.0.202410301201/tools/bin/../lib/gcc/arm-none-eabi/12.3.1/../../../../arm-none-eabi/lib/thumb/v7e-m+fp/hard/libnosys.a(write.o)
                0x0800c2b0                _write
 .text._exit    0x0800c2c0        0x2 /Applications/STM32CubeIDE.app/Contents/Eclipse/plugins/com.st.stm32cube.ide.mcu.externaltools.gnu-tools-for-stm32.12.3.rel1.macos64_1.1.0.202410301201/tools/bin/../lib/gcc/arm-none-eabi/12.3.1/../../../../arm-none-eabi/lib/thumb/v7e-m+fp/hard/libnosys.a(_exit.o)
                0x0800c2c0                _exit
 *(.glue_7)
 .glue_7        0x0800c2c2        0x0 linker stubs
 *(.glue_7t)
 .glue_7t       0x0800c2c2        0x0 linker stubs
 *(.eh_frame)
 *fill*         0x0800c2c2        0x2 
 .eh_frame      0x0800c2c4        0x0 /Applications/STM32CubeIDE.app/Contents/Eclipse/plugins/com.st.stm32cube.ide.mcu.externaltools.gnu-tools-for-stm32.12.3.rel1.macos64_1.1.0.202410301201/tools/bin/../lib/gcc/arm-none-eabi/12.3.1/thumb/v7e-m+fp/hard/crtbegin.o
 *(.init)
 .init          0x0800c2c4        0x4 /Applications/STM32CubeIDE.app/Contents/Eclipse/plugins/com.st.stm32cube.ide.mcu.externaltools.gnu-tools-for-stm32.12.3.rel1.macos64_1.1.0.202410301201/tools/bin/../lib/gcc/arm-none-eabi/12.3.1/thumb/v7e-m+fp/hard/crti.o
                0x0800c2c4                _init
 .init          0x0800c2c8        0x8 /Applications/STM32CubeIDE.app/Contents/Eclipse/plugins/com.st.stm32cube.ide.mcu.externaltools.gnu-tools-for-stm32.12.3.rel1.macos64_1.1.0.202410301201/tools/bin/../lib/gcc/arm-none-eabi/12.3.1/thumb/v7e-m+fp/hard/crtn.o
 *(.fini)
 .fini          0x0800c2d0        0x4 /Applications/STM32CubeIDE.app/Contents/Eclipse/plugins/com.st.stm32cube.ide.mcu.externaltools.gnu-tools-for-stm32.12.3.rel1.macos64_1.1.0.202410301201/tools/bin/../lib/gcc/arm-none-eabi/12.3.1/thumb/v7e-m+fp/hard/crti.o
                0x0800c2d0                _fini
 .fini          0x0800c2d4        0x8 /Applications/STM32CubeIDE.app/Contents/Eclipse/plugins/com.st.stm32cube.ide.mcu.externaltools.gnu-tools-for-stm32.12.3.rel1.macos64_1.1.0.202410301201/tools/bin/../lib/gcc/arm-none-eabi/12.3.1/thumb/v7e-m+fp/hard/crtn.o
                0x0800c2dc                        . = ALIGN (0x4)
                0x0800c2dc                        _etext = .

.vfp11_veneer   0x0800c2dc        0x0
 .vfp11_veneer  0x0800c2dc        0x0 linker stubs

.v4_bx          0x0800c2dc        0x0
 .v4_bx         0x0800c2dc        0x0 linker stubs

.iplt           0x0800c2dc        0x0
 .iplt          0x0800c2dc        0x0 /Applications/STM32CubeIDE.app/Contents/Eclipse/plugins/com.st.stm32cube.ide.mcu.externaltools.gnu-tools-for-stm32.12.3.rel1.macos64_1.1.0.202410301201/tools/bin/../lib/gcc/arm-none-eabi/12.3.1/thumb/v7e-m+fp/hard/crtbegin.o

.rodata         0x0800c2e0      0x4f8
                0x0800c2e0                        . = ALIGN (0x4)
 *(.rodata)
 .rodata        0x0800c2e0       0x19 ./Core/Src/main.o
 *fill*         0x0800c2f9        0x3 
 .rodata        0x0800c2fc       0x56 ./Core/Src/ov7670.o
 *(.rodata*)
 *fill*         0x0800c352        0x2 
 .rodata.OV7670_reg
                0x0800c354       0xf4 ./Core/Src/ov7670.o
                0x0800c354                OV7670_reg
 .rodata.AHBPrescTable
                0x0800c448       0x10 ./Core/Src/system_stm32f4xx.o
                0x0800c448                AHBPrescTable
 .rodata.APBPrescTable
                0x0800c458        0x8 ./Core/Src/system_stm32f4xx.o
                0x0800c458                APBPrescTable
 .rodata.flagBitshiftOffset.0
                0x0800c460        0x8 ./Drivers/STM32F4xx_HAL_Driver/Src/stm32f4xx_hal_dma.o
 .rodata._printf_float.str1.1
                0x0800c468       0x12 /Applications/STM32CubeIDE.app/Contents/Eclipse/plugins/com.st.stm32cube.ide.mcu.externaltools.gnu-tools-for-stm32.12.3.rel1.macos64_1.1.0.202410301201/tools/bin/../lib/gcc/arm-none-eabi/12.3.1/../../../../arm-none-eabi/lib/thumb/v7e-m+fp/hard/libc_nano.a(libc_a-nano-vfprintf_float.o)
 .rodata._printf_i.str1.1
                0x0800c47a       0x22 /Applications/STM32CubeIDE.app/Contents/Eclipse/plugins/com.st.stm32cube.ide.mcu.externaltools.gnu-tools-for-stm32.12.3.rel1.macos64_1.1.0.202410301201/tools/bin/../lib/gcc/arm-none-eabi/12.3.1/../../../../arm-none-eabi/lib/thumb/v7e-m+fp/hard/libc_nano.a(libc_a-nano-vfprintf_i.o)
 .rodata._dtoa_r.str1.1
                0x0800c49c       0x8d /Applications/STM32CubeIDE.app/Contents/Eclipse/plugins/com.st.stm32cube.ide.mcu.externaltools.gnu-tools-for-stm32.12.3.rel1.macos64_1.1.0.202410301201/tools/bin/../lib/gcc/arm-none-eabi/12.3.1/../../../../arm-none-eabi/lib/thumb/v7e-m+fp/hard/libc_nano.a(libc_a-dtoa.o)
                                 0x8f (size before relaxing)
 .rodata._svfprintf_r.str1.1
                0x0800c529       0x11 /Applications/STM32CubeIDE.app/Contents/Eclipse/plugins/com.st.stm32cube.ide.mcu.externaltools.gnu-tools-for-stm32.12.3.rel1.macos64_1.1.0.202410301201/tools/bin/../lib/gcc/arm-none-eabi/12.3.1/../../../../arm-none-eabi/lib/thumb/v7e-m+fp/hard/libc_nano.a(libc_a-nano-svfprintf.o)
 .rodata._Balloc.str1.1
                0x0800c53a       0x59 /Applications/STM32CubeIDE.app/Contents/Eclipse/plugins/com.st.stm32cube.ide.mcu.externaltools.gnu-tools-for-stm32.12.3.rel1.macos64_1.1.0.202410301201/tools/bin/../lib/gcc/arm-none-eabi/12.3.1/../../../../arm-none-eabi/lib/thumb/v7e-m+fp/hard/libc_nano.a(libc_a-mprec.o)
                                 0x70 (size before relaxing)
 .rodata.__multadd.str1.1
                0x0800c593       0x11 /Applications/STM32CubeIDE.app/Contents/Eclipse/plugins/com.st.stm32cube.ide.mcu.externaltools.gnu-tools-for-stm32.12.3.rel1.macos64_1.1.0.202410301201/tools/bin/../lib/gcc/arm-none-eabi/12.3.1/../../../../arm-none-eabi/lib/thumb/v7e-m+fp/hard/libc_nano.a(libc_a-mprec.o)
 *fill*         0x0800c593        0x1 
 .rodata.p05.0  0x0800c594        0xc /Applications/STM32CubeIDE.app/Contents/Eclipse/plugins/com.st.stm32cube.ide.mcu.externaltools.gnu-tools-for-stm32.12.3.rel1.macos64_1.1.0.202410301201/tools/bin/../lib/gcc/arm-none-eabi/12.3.1/../../../../arm-none-eabi/lib/thumb/v7e-m+fp/hard/libc_nano.a(libc_a-mprec.o)
 .rodata.__mprec_bigtens
                0x0800c5a0       0x28 /Applications/STM32CubeIDE.app/Contents/Eclipse/plugins/com.st.stm32cube.ide.mcu.externaltools.gnu-tools-for-stm32.12.3.rel1.macos64_1.1.0.202410301201/tools/bin/../lib/gcc/arm-none-eabi/12.3.1/../../../../arm-none-eabi/lib/thumb/v7e-m+fp/hard/libc_nano.a(libc_a-mprec.o)
                0x0800c5a0                __mprec_bigtens
 .rodata.__mprec_tens
                0x0800c5c8       0xc8 /Applications/STM32CubeIDE.app/Contents/Eclipse/plugins/com.st.stm32cube.ide.mcu.externaltools.gnu-tools-for-stm32.12.3.rel1.macos64_1.1.0.202410301201/tools/bin/../lib/gcc/arm-none-eabi/12.3.1/../../../../arm-none-eabi/lib/thumb/v7e-m+fp/hard/libc_nano.a(libc_a-mprec.o)
                0x0800c5c8                __mprec_tens
 .rodata._setlocale_r.str1.1
                0x0800c690        0x8 /Applications/STM32CubeIDE.app/Contents/Eclipse/plugins/com.st.stm32cube.ide.mcu.externaltools.gnu-tools-for-stm32.12.3.rel1.macos64_1.1.0.202410301201/tools/bin/../lib/gcc/arm-none-eabi/12.3.1/../../../../arm-none-eabi/lib/thumb/v7e-m+fp/hard/libc_nano.a(libc_a-locale.o)
                                  0x9 (size before relaxing)
 .rodata.str1.1
                0x0800c698        0x2 /Applications/STM32CubeIDE.app/Contents/Eclipse/plugins/com.st.stm32cube.ide.mcu.externaltools.gnu-tools-for-stm32.12.3.rel1.macos64_1.1.0.202410301201/tools/bin/../lib/gcc/arm-none-eabi/12.3.1/../../../../arm-none-eabi/lib/thumb/v7e-m+fp/hard/libc_nano.a(libc_a-locale.o)
 .rodata._ctype_
                0x0800c69a      0x101 /Applications/STM32CubeIDE.app/Contents/Eclipse/plugins/com.st.stm32cube.ide.mcu.externaltools.gnu-tools-for-stm32.12.3.rel1.macos64_1.1.0.202410301201/tools/bin/../lib/gcc/arm-none-eabi/12.3.1/../../../../arm-none-eabi/lib/thumb/v7e-m+fp/hard/libc_nano.a(libc_a-ctype_.o)
                0x0800c69a                _ctype_
 .rodata.__assert_func.str1.1
                0x0800c79b       0x3c /Applications/STM32CubeIDE.app/Contents/Eclipse/plugins/com.st.stm32cube.ide.mcu.externaltools.gnu-tools-for-stm32.12.3.rel1.macos64_1.1.0.202410301201/tools/bin/../lib/gcc/arm-none-eabi/12.3.1/../../../../arm-none-eabi/lib/thumb/v7e-m+fp/hard/libc_nano.a(libc_a-assert.o)
                                 0x3d (size before relaxing)
 .rodata._vfprintf_r.str1.1
                0x0800c7d7       0x11 /Applications/STM32CubeIDE.app/Contents/Eclipse/plugins/com.st.stm32cube.ide.mcu.externaltools.gnu-tools-for-stm32.12.3.rel1.macos64_1.1.0.202410301201/tools/bin/../lib/gcc/arm-none-eabi/12.3.1/../../../../arm-none-eabi/lib/thumb/v7e-m+fp/hard/libc_nano.a(libc_a-nano-vfprintf.o)
                0x0800c7e8                        . = ALIGN (0x4)
 *fill*         0x0800c7d7        0x1 

.ARM.extab      0x0800c7d8        0x0
                0x0800c7d8                        . = ALIGN (0x4)
 *(.ARM.extab* .gnu.linkonce.armextab.*)
                0x0800c7d8                        . = ALIGN (0x4)

.ARM            0x0800c7d8        0x8
                0x0800c7d8                        . = ALIGN (0x4)
                0x0800c7d8                        __exidx_start = .
 *(.ARM.exidx*)
 .ARM.exidx     0x0800c7d8        0x8 /Applications/STM32CubeIDE.app/Contents/Eclipse/plugins/com.st.stm32cube.ide.mcu.externaltools.gnu-tools-for-stm32.12.3.rel1.macos64_1.1.0.202410301201/tools/bin/../lib/gcc/arm-none-eabi/12.3.1/../../../../arm-none-eabi/lib/thumb/v7e-m+fp/hard/libc_nano.a(libc_a-memchr.o)
 .ARM.exidx     0x0800c7e0        0x0 /Applications/STM32CubeIDE.app/Contents/Eclipse/plugins/com.st.stm32cube.ide.mcu.externaltools.gnu-tools-for-stm32.12.3.rel1.macos64_1.1.0.202410301201/tools/bin/../lib/gcc/arm-none-eabi/12.3.1/../../../../arm-none-eabi/lib/thumb/v7e-m+fp/hard/libc_nano.a(libc_a-strlen.o)
                                  0x8 (size before relaxing)
 .ARM.exidx     0x0800c7e0        0x0 /Applications/STM32CubeIDE.app/Contents/Eclipse/plugins/com.st.stm32cube.ide.mcu.externaltools.gnu-tools-for-stm32.12.3.rel1.macos64_1.1.0.202410301201/tools/bin/../lib/gcc/arm-none-eabi/12.3.1/thumb/v7e-m+fp/hard/libgcc.a(_udivmoddi4.o)
                                  0x8 (size before relaxing)
                0x0800c7e0                        __exidx_end = .
                0x0800c7e0                        . = ALIGN (0x4)

.preinit_array  0x0800c7e0        0x0
                0x0800c7e0                        . = ALIGN (0x4)
                0x0800c7e0                        PROVIDE (__preinit_array_start = .)
 *(.preinit_array*)
                0x0800c7e0                        PROVIDE (__preinit_array_end = .)
                0x0800c7e0                        . = ALIGN (0x4)

.init_array     0x0800c7e0        0x4
                0x0800c7e0                        . = ALIGN (0x4)
                0x0800c7e0                        PROVIDE (__init_array_start = .)
 *(SORT_BY_NAME(.init_array.*))
 *(.init_array*)
 .init_array    0x0800c7e0        0x4 /Applications/STM32CubeIDE.app/Contents/Eclipse/plugins/com.st.stm32cube.ide.mcu.externaltools.gnu-tools-for-stm32.12.3.rel1.macos64_1.1.0.202410301201/tools/bin/../lib/gcc/arm-none-eabi/12.3.1/thumb/v7e-m+fp/hard/crtbegin.o
                0x0800c7e4                        PROVIDE (__init_array_end = .)
                0x0800c7e4                        . = ALIGN (0x4)

.fini_array     0x0800c7e4        0x4
                0x0800c7e4                        . = ALIGN (0x4)
                [!provide]                        PROVIDE (__fini_array_start = .)
 *(SORT_BY_NAME(.fini_array.*))
 *(.fini_array*)
 .fini_array    0x0800c7e4        0x4 /Applications/STM32CubeIDE.app/Contents/Eclipse/plugins/com.st.stm32cube.ide.mcu.externaltools.gnu-tools-for-stm32.12.3.rel1.macos64_1.1.0.202410301201/tools/bin/../lib/gcc/arm-none-eabi/12.3.1/thumb/v7e-m+fp/hard/crtbegin.o
                [!provide]                        PROVIDE (__fini_array_end = .)
                0x0800c7e8                        . = ALIGN (0x4)
                0x0800c7e8                        _sidata = LOADADDR (.data)

.rel.dyn        0x0800c7e8        0x0
 .rel.iplt      0x0800c7e8        0x0 /Applications/STM32CubeIDE.app/Contents/Eclipse/plugins/com.st.stm32cube.ide.mcu.externaltools.gnu-tools-for-stm32.12.3.rel1.macos64_1.1.0.202410301201/tools/bin/../lib/gcc/arm-none-eabi/12.3.1/thumb/v7e-m+fp/hard/crtbegin.o

.data           0x20000000      0x1d4 load address 0x0800c7e8
                0x20000000                        . = ALIGN (0x4)
                0x20000000                        _sdata = .
 *(.data)
 *(.data*)
 .data.SystemCoreClock
                0x20000000        0x4 ./Core/Src/system_stm32f4xx.o
                0x20000000                SystemCoreClock
 .data.uwTickPrio
                0x20000004        0x4 ./Drivers/STM32F4xx_HAL_Driver/Src/stm32f4xx_hal.o
                0x20000004                uwTickPrio
 .data.uwTickFreq
                0x20000008        0x1 ./Drivers/STM32F4xx_HAL_Driver/Src/stm32f4xx_hal.o
                0x20000008                uwTickFreq
 *fill*         0x20000009        0x3 
 .data.__sglue  0x2000000c        0xc /Applications/STM32CubeIDE.app/Contents/Eclipse/plugins/com.st.stm32cube.ide.mcu.externaltools.gnu-tools-for-stm32.12.3.rel1.macos64_1.1.0.202410301201/tools/bin/../lib/gcc/arm-none-eabi/12.3.1/../../../../arm-none-eabi/lib/thumb/v7e-m+fp/hard/libc_nano.a(libc_a-findfp.o)
                0x2000000c                __sglue
 .data._impure_ptr
                0x20000018        0x4 /Applications/STM32CubeIDE.app/Contents/Eclipse/plugins/com.st.stm32cube.ide.mcu.externaltools.gnu-tools-for-stm32.12.3.rel1.macos64_1.1.0.202410301201/tools/bin/../lib/gcc/arm-none-eabi/12.3.1/../../../../arm-none-eabi/lib/thumb/v7e-m+fp/hard/libc_nano.a(libc_a-impure.o)
                0x20000018                _impure_ptr
 .data._impure_data
                0x2000001c       0x4c /Applications/STM32CubeIDE.app/Contents/Eclipse/plugins/com.st.stm32cube.ide.mcu.externaltools.gnu-tools-for-stm32.12.3.rel1.macos64_1.1.0.202410301201/tools/bin/../lib/gcc/arm-none-eabi/12.3.1/../../../../arm-none-eabi/lib/thumb/v7e-m+fp/hard/libc_nano.a(libc_a-impure.o)
                0x2000001c                _impure_data
 .data.__global_locale
                0x20000068      0x16c /Applications/STM32CubeIDE.app/Contents/Eclipse/plugins/com.st.stm32cube.ide.mcu.externaltools.gnu-tools-for-stm32.12.3.rel1.macos64_1.1.0.202410301201/tools/bin/../lib/gcc/arm-none-eabi/12.3.1/../../../../arm-none-eabi/lib/thumb/v7e-m+fp/hard/libc_nano.a(libc_a-locale.o)
                0x20000068                __global_locale
 *(.RamFunc)
 *(.RamFunc*)
                0x200001d4                        . = ALIGN (0x4)
                0x200001d4                        _edata = .

.igot.plt       0x200001d4        0x0 load address 0x0800c9bc
 .igot.plt      0x200001d4        0x0 /Applications/STM32CubeIDE.app/Contents/Eclipse/plugins/com.st.stm32cube.ide.mcu.externaltools.gnu-tools-for-stm32.12.3.rel1.macos64_1.1.0.202410301201/tools/bin/../lib/gcc/arm-none-eabi/12.3.1/thumb/v7e-m+fp/hard/crtbegin.o
                0x200001d4                        . = ALIGN (0x4)

.bss            0x200001d4    0x1f2e8 load address 0x0800c9bc
                0x200001d4                        _sbss = .
                0x200001d4                        __bss_start__ = _sbss
 *(.bss)
 .bss           0x200001d4       0x1c /Applications/STM32CubeIDE.app/Contents/Eclipse/plugins/com.st.stm32cube.ide.mcu.externaltools.gnu-tools-for-stm32.12.3.rel1.macos64_1.1.0.202410301201/tools/bin/../lib/gcc/arm-none-eabi/12.3.1/thumb/v7e-m+fp/hard/crtbegin.o
 *(.bss*)
 .bss.huart3    0x200001f0       0x44 ./Core/Src/config.o
                0x200001f0                huart3
 .bss.snapshot_buff1
                0x20000234     0xc3c0 ./Core/Src/main.o
                0x20000234                snapshot_buff1
 .bss.snapshot_buff2
                0x2000c5f4     0xc3c0 ./Core/Src/main.o
                0x2000c5f4                snapshot_buff2
 .bss.current_buff
                0x200189b4        0x4 ./Core/Src/main.o
                0x200189b4                current_buff
 .bss.process_buff
                0x200189b8        0x4 ./Core/Src/main.o
                0x200189b8                process_buff
 .bss.currentImage
                0x200189bc     0x61e0 ./Core/Src/main.o
                0x200189bc                currentImage
 .bss.tx_buff_len
                0x2001eb9c        0x4 ./Core/Src/main.o
                0x2001eb9c                tx_buff_len
 .bss.dma_flag  0x2001eba0        0x1 ./Core/Src/main.o
                0x2001eba0                dma_flag
 *fill*         0x2001eba1        0x3 
 .bss.BALL_NEW_X
                0x2001eba4        0x4 ./Core/Src/main.o
                0x2001eba4                BALL_NEW_X
 .bss.BALL_NEW_Y
                0x2001eba8        0x4 ./Core/Src/main.o
                0x2001eba8                BALL_NEW_Y
 .bss.BALL_CURRENT_X
                0x2001ebac        0x4 ./Core/Src/main.o
                0x2001ebac                BALL_CURRENT_X
 .bss.BALL_CURRENT_Y
                0x2001ebb0        0x4 ./Core/Src/main.o
                0x2001ebb0                BALL_CURRENT_Y
 .bss.Dx        0x2001ebb4        0x4 ./Core/Src/main.o
                0x2001ebb4                Dx
 .bss.Dy        0x2001ebb8        0x4 ./Core/Src/main.o
                0x2001ebb8                Dy
 .bss.msg       0x2001ebbc       0x64 ./Core/Src/main.o
                0x2001ebbc                msg
 .bss.hdcmi     0x2001ec20       0x50 ./Core/Src/main.o
                0x2001ec20                hdcmi
 .bss.hdma_dcmi
                0x2001ec70       0x60 ./Core/Src/main.o
                0x2001ec70                hdma_dcmi
 .bss.hi2c2     0x2001ecd0       0x54 ./Core/Src/main.o
                0x2001ecd0                hi2c2
 .bss.htim1     0x2001ed24       0x48 ./Core/Src/main.o
                0x2001ed24                htim1
 .bss.htim2     0x2001ed6c       0x48 ./Core/Src/main.o
                0x2001ed6c                htim2
 .bss.htim6     0x2001edb4       0x48 ./Core/Src/main.o
                0x2001edb4                htim6
 .bss.hdma_usart3_tx
                0x2001edfc       0x60 ./Core/Src/main.o
                0x2001edfc                hdma_usart3_tx
 .bss.hpcd_USB_OTG_FS
                0x2001ee5c      0x50c ./Core/Src/main.o
                0x2001ee5c                hpcd_USB_OTG_FS
 .bss.uwTick    0x2001f368        0x4 ./Drivers/STM32F4xx_HAL_Driver/Src/stm32f4xx_hal.o
                0x2001f368                uwTick
 .bss.__sf      0x2001f36c      0x138 /Applications/STM32CubeIDE.app/Contents/Eclipse/plugins/com.st.stm32cube.ide.mcu.externaltools.gnu-tools-for-stm32.12.3.rel1.macos64_1.1.0.202410301201/tools/bin/../lib/gcc/arm-none-eabi/12.3.1/../../../../arm-none-eabi/lib/thumb/v7e-m+fp/hard/libc_nano.a(libc_a-findfp.o)
                0x2001f36c                __sf
 .bss.__stdio_exit_handler
                0x2001f4a4        0x4 /Applications/STM32CubeIDE.app/Contents/Eclipse/plugins/com.st.stm32cube.ide.mcu.externaltools.gnu-tools-for-stm32.12.3.rel1.macos64_1.1.0.202410301201/tools/bin/../lib/gcc/arm-none-eabi/12.3.1/../../../../arm-none-eabi/lib/thumb/v7e-m+fp/hard/libc_nano.a(libc_a-findfp.o)
                0x2001f4a4                __stdio_exit_handler
 .bss.__lock___malloc_recursive_mutex
                0x2001f4a8        0x1 /Applications/STM32CubeIDE.app/Contents/Eclipse/plugins/com.st.stm32cube.ide.mcu.externaltools.gnu-tools-for-stm32.12.3.rel1.macos64_1.1.0.202410301201/tools/bin/../lib/gcc/arm-none-eabi/12.3.1/../../../../arm-none-eabi/lib/thumb/v7e-m+fp/hard/libc_nano.a(libc_a-lock.o)
                0x2001f4a8                __lock___malloc_recursive_mutex
 .bss.__lock___sfp_recursive_mutex
                0x2001f4a9        0x1 /Applications/STM32CubeIDE.app/Contents/Eclipse/plugins/com.st.stm32cube.ide.mcu.externaltools.gnu-tools-for-stm32.12.3.rel1.macos64_1.1.0.202410301201/tools/bin/../lib/gcc/arm-none-eabi/12.3.1/../../../../arm-none-eabi/lib/thumb/v7e-m+fp/hard/libc_nano.a(libc_a-lock.o)
                0x2001f4a9                __lock___sfp_recursive_mutex
 *fill*         0x2001f4aa        0x2 
 .bss.__malloc_sbrk_start
                0x2001f4ac        0x4 /Applications/STM32CubeIDE.app/Contents/Eclipse/plugins/com.st.stm32cube.ide.mcu.externaltools.gnu-tools-for-stm32.12.3.rel1.macos64_1.1.0.202410301201/tools/bin/../lib/gcc/arm-none-eabi/12.3.1/../../../../arm-none-eabi/lib/thumb/v7e-m+fp/hard/libc_nano.a(libc_a-mallocr.o)
                0x2001f4ac                __malloc_sbrk_start
 .bss.__malloc_free_list
                0x2001f4b0        0x4 /Applications/STM32CubeIDE.app/Contents/Eclipse/plugins/com.st.stm32cube.ide.mcu.externaltools.gnu-tools-for-stm32.12.3.rel1.macos64_1.1.0.202410301201/tools/bin/../lib/gcc/arm-none-eabi/12.3.1/../../../../arm-none-eabi/lib/thumb/v7e-m+fp/hard/libc_nano.a(libc_a-mallocr.o)
                0x2001f4b0                __malloc_free_list
 .bss.errno     0x2001f4b4        0x4 /Applications/STM32CubeIDE.app/Contents/Eclipse/plugins/com.st.stm32cube.ide.mcu.externaltools.gnu-tools-for-stm32.12.3.rel1.macos64_1.1.0.202410301201/tools/bin/../lib/gcc/arm-none-eabi/12.3.1/../../../../arm-none-eabi/lib/thumb/v7e-m+fp/hard/libc_nano.a(libc_a-reent.o)
                0x2001f4b4                errno
 .bss.heap_end.0